<?xml version="1.0" encoding="ISO-8859-1" ?>
<link_info>
   <banner>MSP430 Linker PC v18.1.1.LTS</banner>
   <copyright>Copyright (c) 2003-2017 Texas Instruments Incorporated</copyright>
   <link_time>0x5b81a1df</link_time>
   <link_errors>0x0</link_errors>
   <output_file>msp430fr2433_adc1.3.out</output_file>
   <entry_point>
      <name>_c_int00_noargs</name>
      <address>0xc8aa</address>
   </entry_point>
   <input_file_list>
      <input_file id="fl-2">
         <path>.\</path>
         <kind>object</kind>
         <file>main.obj</file>
         <name>main.obj</name>
      </input_file>
      <input_file id="fl-3">
         <path>.\driverlib\MSP430FR2xx_4xx\</path>
         <kind>object</kind>
         <file>adc.obj</file>
         <name>adc.obj</name>
      </input_file>
      <input_file id="fl-4">
         <path>.\driverlib\MSP430FR2xx_4xx\</path>
         <kind>object</kind>
         <file>crc.obj</file>
         <name>crc.obj</name>
      </input_file>
      <input_file id="fl-5">
         <path>.\driverlib\MSP430FR2xx_4xx\</path>
         <kind>object</kind>
         <file>cs.obj</file>
         <name>cs.obj</name>
      </input_file>
      <input_file id="fl-6">
         <path>.\driverlib\MSP430FR2xx_4xx\</path>
         <kind>object</kind>
         <file>ecomp.obj</file>
         <name>ecomp.obj</name>
      </input_file>
      <input_file id="fl-7">
         <path>.\driverlib\MSP430FR2xx_4xx\</path>
         <kind>object</kind>
         <file>eusci_a_spi.obj</file>
         <name>eusci_a_spi.obj</name>
      </input_file>
      <input_file id="fl-8">
         <path>.\driverlib\MSP430FR2xx_4xx\</path>
         <kind>object</kind>
         <file>eusci_a_uart.obj</file>
         <name>eusci_a_uart.obj</name>
      </input_file>
      <input_file id="fl-9">
         <path>.\driverlib\MSP430FR2xx_4xx\</path>
         <kind>object</kind>
         <file>eusci_b_i2c.obj</file>
         <name>eusci_b_i2c.obj</name>
      </input_file>
      <input_file id="fl-a">
         <path>.\driverlib\MSP430FR2xx_4xx\</path>
         <kind>object</kind>
         <file>eusci_b_spi.obj</file>
         <name>eusci_b_spi.obj</name>
      </input_file>
      <input_file id="fl-b">
         <path>.\driverlib\MSP430FR2xx_4xx\</path>
         <kind>object</kind>
         <file>framctl.obj</file>
         <name>framctl.obj</name>
      </input_file>
      <input_file id="fl-c">
         <path>.\driverlib\MSP430FR2xx_4xx\</path>
         <kind>object</kind>
         <file>gpio.obj</file>
         <name>gpio.obj</name>
      </input_file>
      <input_file id="fl-d">
         <path>.\driverlib\MSP430FR2xx_4xx\</path>
         <kind>object</kind>
         <file>icc.obj</file>
         <name>icc.obj</name>
      </input_file>
      <input_file id="fl-e">
         <path>.\driverlib\MSP430FR2xx_4xx\</path>
         <kind>object</kind>
         <file>lcd_e.obj</file>
         <name>lcd_e.obj</name>
      </input_file>
      <input_file id="fl-f">
         <path>.\driverlib\MSP430FR2xx_4xx\</path>
         <kind>object</kind>
         <file>mpy32.obj</file>
         <name>mpy32.obj</name>
      </input_file>
      <input_file id="fl-10">
         <path>.\driverlib\MSP430FR2xx_4xx\</path>
         <kind>object</kind>
         <file>pmm.obj</file>
         <name>pmm.obj</name>
      </input_file>
      <input_file id="fl-11">
         <path>.\driverlib\MSP430FR2xx_4xx\</path>
         <kind>object</kind>
         <file>rtc.obj</file>
         <name>rtc.obj</name>
      </input_file>
      <input_file id="fl-12">
         <path>.\driverlib\MSP430FR2xx_4xx\</path>
         <kind>object</kind>
         <file>sac.obj</file>
         <name>sac.obj</name>
      </input_file>
      <input_file id="fl-13">
         <path>.\driverlib\MSP430FR2xx_4xx\</path>
         <kind>object</kind>
         <file>sfr.obj</file>
         <name>sfr.obj</name>
      </input_file>
      <input_file id="fl-14">
         <path>.\driverlib\MSP430FR2xx_4xx\</path>
         <kind>object</kind>
         <file>sysctl.obj</file>
         <name>sysctl.obj</name>
      </input_file>
      <input_file id="fl-15">
         <path>.\driverlib\MSP430FR2xx_4xx\</path>
         <kind>object</kind>
         <file>tia.obj</file>
         <name>tia.obj</name>
      </input_file>
      <input_file id="fl-16">
         <path>.\driverlib\MSP430FR2xx_4xx\</path>
         <kind>object</kind>
         <file>timer_a.obj</file>
         <name>timer_a.obj</name>
      </input_file>
      <input_file id="fl-17">
         <path>.\driverlib\MSP430FR2xx_4xx\</path>
         <kind>object</kind>
         <file>timer_b.obj</file>
         <name>timer_b.obj</name>
      </input_file>
      <input_file id="fl-18">
         <path>.\driverlib\MSP430FR2xx_4xx\</path>
         <kind>object</kind>
         <file>tlv.obj</file>
         <name>tlv.obj</name>
      </input_file>
      <input_file id="fl-19">
         <path>.\driverlib\MSP430FR2xx_4xx\</path>
         <kind>object</kind>
         <file>wdt_a.obj</file>
         <name>wdt_a.obj</name>
      </input_file>
      <input_file id="fl-1f">
         <kind>object</kind>
         <file>&lt;internal&gt;</file>
         <name>&lt;internal&gt;</name>
      </input_file>
      <input_file id="fl-35">
         <path>D:\WinSoft\CCS\ccsv8\tools\compiler\ti-cgt-msp430_18.1.1.LTS\lib\</path>
         <kind>archive</kind>
         <file>rts430x_lc_sd_eabi.lib</file>
         <name>div16s.asm.obj</name>
      </input_file>
      <input_file id="fl-36">
         <path>D:\WinSoft\CCS\ccsv8\tools\compiler\ti-cgt-msp430_18.1.1.LTS\lib\</path>
         <kind>archive</kind>
         <file>rts430x_lc_sd_eabi.lib</file>
         <name>div16u.asm.obj</name>
      </input_file>
      <input_file id="fl-37">
         <path>D:\WinSoft\CCS\ccsv8\tools\compiler\ti-cgt-msp430_18.1.1.LTS\lib\</path>
         <kind>archive</kind>
         <file>rts430x_lc_sd_eabi.lib</file>
         <name>div32s.asm.obj</name>
      </input_file>
      <input_file id="fl-38">
         <path>D:\WinSoft\CCS\ccsv8\tools\compiler\ti-cgt-msp430_18.1.1.LTS\lib\</path>
         <kind>archive</kind>
         <file>rts430x_lc_sd_eabi.lib</file>
         <name>div32u.asm.obj</name>
      </input_file>
      <input_file id="fl-39">
         <path>D:\WinSoft\CCS\ccsv8\tools\compiler\ti-cgt-msp430_18.1.1.LTS\lib\</path>
         <kind>archive</kind>
         <file>rts430x_lc_sd_eabi.lib</file>
         <name>int41.asm.obj</name>
      </input_file>
      <input_file id="fl-3a">
         <path>D:\WinSoft\CCS\ccsv8\tools\compiler\ti-cgt-msp430_18.1.1.LTS\lib\</path>
         <kind>archive</kind>
         <file>rts430x_lc_sd_eabi.lib</file>
         <name>int42.asm.obj</name>
      </input_file>
      <input_file id="fl-3b">
         <path>D:\WinSoft\CCS\ccsv8\tools\compiler\ti-cgt-msp430_18.1.1.LTS\lib\</path>
         <kind>archive</kind>
         <file>rts430x_lc_sd_eabi.lib</file>
         <name>int44.asm.obj</name>
      </input_file>
      <input_file id="fl-3c">
         <path>D:\WinSoft\CCS\ccsv8\tools\compiler\ti-cgt-msp430_18.1.1.LTS\lib\</path>
         <kind>archive</kind>
         <file>rts430x_lc_sd_eabi.lib</file>
         <name>int45.asm.obj</name>
      </input_file>
      <input_file id="fl-3d">
         <path>D:\WinSoft\CCS\ccsv8\tools\compiler\ti-cgt-msp430_18.1.1.LTS\lib\</path>
         <kind>archive</kind>
         <file>rts430x_lc_sd_eabi.lib</file>
         <name>int46.asm.obj</name>
      </input_file>
      <input_file id="fl-3e">
         <path>D:\WinSoft\CCS\ccsv8\tools\compiler\ti-cgt-msp430_18.1.1.LTS\lib\</path>
         <kind>archive</kind>
         <file>rts430x_lc_sd_eabi.lib</file>
         <name>int47.asm.obj</name>
      </input_file>
      <input_file id="fl-3f">
         <path>D:\WinSoft\CCS\ccsv8\tools\compiler\ti-cgt-msp430_18.1.1.LTS\lib\</path>
         <kind>archive</kind>
         <file>rts430x_lc_sd_eabi.lib</file>
         <name>int48.asm.obj</name>
      </input_file>
      <input_file id="fl-40">
         <path>D:\WinSoft\CCS\ccsv8\tools\compiler\ti-cgt-msp430_18.1.1.LTS\lib\</path>
         <kind>archive</kind>
         <file>rts430x_lc_sd_eabi.lib</file>
         <name>int49.asm.obj</name>
      </input_file>
      <input_file id="fl-41">
         <path>D:\WinSoft\CCS\ccsv8\tools\compiler\ti-cgt-msp430_18.1.1.LTS\lib\</path>
         <kind>archive</kind>
         <file>rts430x_lc_sd_eabi.lib</file>
         <name>int50.asm.obj</name>
      </input_file>
      <input_file id="fl-42">
         <path>D:\WinSoft\CCS\ccsv8\tools\compiler\ti-cgt-msp430_18.1.1.LTS\lib\</path>
         <kind>archive</kind>
         <file>rts430x_lc_sd_eabi.lib</file>
         <name>int51.asm.obj</name>
      </input_file>
      <input_file id="fl-43">
         <path>D:\WinSoft\CCS\ccsv8\tools\compiler\ti-cgt-msp430_18.1.1.LTS\lib\</path>
         <kind>archive</kind>
         <file>rts430x_lc_sd_eabi.lib</file>
         <name>int52.asm.obj</name>
      </input_file>
      <input_file id="fl-44">
         <path>D:\WinSoft\CCS\ccsv8\tools\compiler\ti-cgt-msp430_18.1.1.LTS\lib\</path>
         <kind>archive</kind>
         <file>rts430x_lc_sd_eabi.lib</file>
         <name>int53.asm.obj</name>
      </input_file>
      <input_file id="fl-45">
         <path>D:\WinSoft\CCS\ccsv8\tools\compiler\ti-cgt-msp430_18.1.1.LTS\lib\</path>
         <kind>archive</kind>
         <file>rts430x_lc_sd_eabi.lib</file>
         <name>int55.asm.obj</name>
      </input_file>
      <input_file id="fl-46">
         <path>D:\WinSoft\CCS\ccsv8\tools\compiler\ti-cgt-msp430_18.1.1.LTS\lib\</path>
         <kind>archive</kind>
         <file>rts430x_lc_sd_eabi.lib</file>
         <name>int56.asm.obj</name>
      </input_file>
      <input_file id="fl-47">
         <path>D:\WinSoft\CCS\ccsv8\tools\compiler\ti-cgt-msp430_18.1.1.LTS\lib\</path>
         <kind>archive</kind>
         <file>rts430x_lc_sd_eabi.lib</file>
         <name>int57.asm.obj</name>
      </input_file>
      <input_file id="fl-48">
         <path>D:\WinSoft\CCS\ccsv8\tools\compiler\ti-cgt-msp430_18.1.1.LTS\lib\</path>
         <kind>archive</kind>
         <file>rts430x_lc_sd_eabi.lib</file>
         <name>int58.asm.obj</name>
      </input_file>
      <input_file id="fl-49">
         <path>D:\WinSoft\CCS\ccsv8\tools\compiler\ti-cgt-msp430_18.1.1.LTS\lib\</path>
         <kind>archive</kind>
         <file>rts430x_lc_sd_eabi.lib</file>
         <name>isr_trap.asm.obj</name>
      </input_file>
      <input_file id="fl-4a">
         <path>D:\WinSoft\CCS\ccsv8\tools\compiler\ti-cgt-msp430_18.1.1.LTS\lib\</path>
         <kind>archive</kind>
         <file>rts430x_lc_sd_eabi.lib</file>
         <name>lsl16.asm.obj</name>
      </input_file>
      <input_file id="fl-4b">
         <path>D:\WinSoft\CCS\ccsv8\tools\compiler\ti-cgt-msp430_18.1.1.LTS\lib\</path>
         <kind>archive</kind>
         <file>rts430x_lc_sd_eabi.lib</file>
         <name>mult16_f5hw.asm.obj</name>
      </input_file>
      <input_file id="fl-4c">
         <path>D:\WinSoft\CCS\ccsv8\tools\compiler\ti-cgt-msp430_18.1.1.LTS\lib\</path>
         <kind>archive</kind>
         <file>rts430x_lc_sd_eabi.lib</file>
         <name>mult1632_f5hw.asm.obj</name>
      </input_file>
      <input_file id="fl-4d">
         <path>D:\WinSoft\CCS\ccsv8\tools\compiler\ti-cgt-msp430_18.1.1.LTS\lib\</path>
         <kind>archive</kind>
         <file>rts430x_lc_sd_eabi.lib</file>
         <name>mult32.asm.obj</name>
      </input_file>
      <input_file id="fl-4e">
         <path>D:\WinSoft\CCS\ccsv8\tools\compiler\ti-cgt-msp430_18.1.1.LTS\lib\</path>
         <kind>archive</kind>
         <file>rts430x_lc_sd_eabi.lib</file>
         <name>mult32_f5hw.asm.obj</name>
      </input_file>
      <input_file id="fl-4f">
         <path>D:\WinSoft\CCS\ccsv8\tools\compiler\ti-cgt-msp430_18.1.1.LTS\lib\</path>
         <kind>archive</kind>
         <file>rts430x_lc_sd_eabi.lib</file>
         <name>mult3264_f5hw.asm.obj</name>
      </input_file>
      <input_file id="fl-50">
         <path>D:\WinSoft\CCS\ccsv8\tools\compiler\ti-cgt-msp430_18.1.1.LTS\lib\</path>
         <kind>archive</kind>
         <file>rts430x_lc_sd_eabi.lib</file>
         <name>mult64_f5hw.asm.obj</name>
      </input_file>
      <input_file id="fl-51">
         <path>D:\WinSoft\CCS\ccsv8\tools\compiler\ti-cgt-msp430_18.1.1.LTS\lib\</path>
         <kind>archive</kind>
         <file>rts430x_lc_sd_eabi.lib</file>
         <name>boot.c.obj</name>
      </input_file>
      <input_file id="fl-52">
         <path>D:\WinSoft\CCS\ccsv8\tools\compiler\ti-cgt-msp430_18.1.1.LTS\lib\</path>
         <kind>archive</kind>
         <file>rts430x_lc_sd_eabi.lib</file>
         <name>autoinit.c.obj</name>
      </input_file>
      <input_file id="fl-53">
         <path>D:\WinSoft\CCS\ccsv8\tools\compiler\ti-cgt-msp430_18.1.1.LTS\lib\</path>
         <kind>archive</kind>
         <file>rts430x_lc_sd_eabi.lib</file>
         <name>copy_zero_init.c.obj</name>
      </input_file>
      <input_file id="fl-54">
         <path>D:\WinSoft\CCS\ccsv8\tools\compiler\ti-cgt-msp430_18.1.1.LTS\lib\</path>
         <kind>archive</kind>
         <file>rts430x_lc_sd_eabi.lib</file>
         <name>cpy_tbl.c.obj</name>
      </input_file>
      <input_file id="fl-55">
         <path>D:\WinSoft\CCS\ccsv8\tools\compiler\ti-cgt-msp430_18.1.1.LTS\lib\</path>
         <kind>archive</kind>
         <file>rts430x_lc_sd_eabi.lib</file>
         <name>mpu_init.c.obj</name>
      </input_file>
      <input_file id="fl-56">
         <path>D:\WinSoft\CCS\ccsv8\tools\compiler\ti-cgt-msp430_18.1.1.LTS\lib\</path>
         <kind>archive</kind>
         <file>rts430x_lc_sd_eabi.lib</file>
         <name>pre_init.c.obj</name>
      </input_file>
      <input_file id="fl-57">
         <path>D:\WinSoft\CCS\ccsv8\tools\compiler\ti-cgt-msp430_18.1.1.LTS\lib\</path>
         <kind>archive</kind>
         <file>rts430x_lc_sd_eabi.lib</file>
         <name>startup.c.obj</name>
      </input_file>
      <input_file id="fl-58">
         <path>D:\WinSoft\CCS\ccsv8\tools\compiler\ti-cgt-msp430_18.1.1.LTS\lib\</path>
         <kind>archive</kind>
         <file>rts430x_lc_sd_eabi.lib</file>
         <name>copy_decompress_none.c.obj</name>
      </input_file>
      <input_file id="fl-59">
         <path>D:\WinSoft\CCS\ccsv8\tools\compiler\ti-cgt-msp430_18.1.1.LTS\lib\</path>
         <kind>archive</kind>
         <file>rts430x_lc_sd_eabi.lib</file>
         <name>copy_decompress_lzss.c.obj</name>
      </input_file>
      <input_file id="fl-5a">
         <path>D:\WinSoft\CCS\ccsv8\tools\compiler\ti-cgt-msp430_18.1.1.LTS\lib\</path>
         <kind>archive</kind>
         <file>rts430x_lc_sd_eabi.lib</file>
         <name>exit.c.obj</name>
      </input_file>
      <input_file id="fl-5b">
         <path>D:\WinSoft\CCS\ccsv8\tools\compiler\ti-cgt-msp430_18.1.1.LTS\lib\</path>
         <kind>archive</kind>
         <file>rts430x_lc_sd_eabi.lib</file>
         <name>_lock.c.obj</name>
      </input_file>
      <input_file id="fl-5c">
         <path>D:\WinSoft\CCS\ccsv8\tools\compiler\ti-cgt-msp430_18.1.1.LTS\lib\</path>
         <kind>archive</kind>
         <file>rts430x_lc_sd_eabi.lib</file>
         <name>args_main.c.obj</name>
      </input_file>
      <input_file id="fl-5d">
         <path>D:\WinSoft\CCS\ccsv8\tools\compiler\ti-cgt-msp430_18.1.1.LTS\lib\</path>
         <kind>archive</kind>
         <file>rts430x_lc_sd_eabi.lib</file>
         <name>memcpy.c.obj</name>
      </input_file>
      <input_file id="fl-5e">
         <path>D:\WinSoft\CCS\ccsv8\tools\compiler\ti-cgt-msp430_18.1.1.LTS\lib\</path>
         <kind>archive</kind>
         <file>rts430x_lc_sd_eabi.lib</file>
         <name>cpy_util.asm.obj</name>
      </input_file>
      <input_file id="fl-5f">
         <path>D:\WinSoft\CCS\ccsv8\tools\compiler\ti-cgt-msp430_18.1.1.LTS\lib\</path>
         <kind>archive</kind>
         <file>rts430x_lc_sd_eabi.lib</file>
         <name>mult16.asm.obj</name>
      </input_file>
      <input_file id="fl-60">
         <path>D:\WinSoft\CCS\ccsv8\tools\compiler\ti-cgt-msp430_18.1.1.LTS\lib\</path>
         <kind>archive</kind>
         <file>rts430x_lc_sd_eabi.lib</file>
         <name>exit_gvars.c.obj</name>
      </input_file>
   </input_file_list>
   <object_component_list>
      <object_component id="oc-4bb">
         <name>__TI_handler_table</name>
         <load_address>0xc400</load_address>
         <run_address>0xc400</run_address>
         <size>0xc</size>
      </object_component>
      <object_component id="oc-4be">
         <name>.cinit..data.load</name>
         <load_address>0xc40c</load_address>
         <run_address>0xc40c</run_address>
         <size>0x7</size>
      </object_component>
      <object_component id="oc-4bd">
         <name>.cinit..bss.load</name>
         <load_address>0xc414</load_address>
         <run_address>0xc414</run_address>
         <size>0x6</size>
      </object_component>
      <object_component id="oc-4bc">
         <name>__TI_cinit_table</name>
         <load_address>0xc41a</load_address>
         <run_address>0xc41a</run_address>
         <size>0x10</size>
      </object_component>
      <object_component id="oc-453">
         <name>.binit</name>
         <load_address>0xc42a</load_address>
         <run_address>0xc42a</run_address>
         <size>0x0</size>
      </object_component>
      <object_component id="oc-32c">
         <name>.const:GPIO_PORT_TO_BASE</name>
         <load_address>0xc42a</load_address>
         <run_address>0xc42a</run_address>
         <size>0x1c</size>
         <input_file_ref idref="fl-c"/>
      </object_component>
      <object_component id="oc-368">
         <name>.const:$P$T0$1</name>
         <load_address>0xc446</load_address>
         <run_address>0xc446</run_address>
         <size>0xe</size>
         <input_file_ref idref="fl-2"/>
      </object_component>
      <object_component id="oc-68">
         <name>.text:decompress:lzss:__TI_decompress_lzss</name>
         <load_address>0xc454</load_address>
         <run_address>0xc454</run_address>
         <size>0xee</size>
         <input_file_ref idref="fl-59"/>
      </object_component>
      <object_component id="oc-2f3">
         <name>.text:main</name>
         <load_address>0xc542</load_address>
         <run_address>0xc542</run_address>
         <size>0xd2</size>
         <input_file_ref idref="fl-2"/>
      </object_component>
      <object_component id="oc-27f">
         <name>.text:_isr:ADC_ISR</name>
         <load_address>0xc614</load_address>
         <run_address>0xc614</run_address>
         <size>0x94</size>
         <input_file_ref idref="fl-2"/>
      </object_component>
      <object_component id="oc-3a2">
         <name>.text:__TI_auto_init_nobinit_nopinit_hold_wdt:__TI_auto_init_nobinit_nopinit_hold_wdt</name>
         <load_address>0xc6a8</load_address>
         <run_address>0xc6a8</run_address>
         <size>0x6a</size>
         <input_file_ref idref="fl-52"/>
      </object_component>
      <object_component id="oc-371">
         <name>.text:Timer_A_initUpMode</name>
         <load_address>0xc712</load_address>
         <run_address>0xc712</run_address>
         <size>0x5c</size>
         <input_file_ref idref="fl-16"/>
      </object_component>
      <object_component id="oc-26e">
         <name>.text:__memcpy_far</name>
         <load_address>0xc76e</load_address>
         <run_address>0xc76e</run_address>
         <size>0x40</size>
         <input_file_ref idref="fl-5e"/>
      </object_component>
      <object_component id="oc-28b">
         <name>.text:decompress:ZI:__TI_zero_init_nomemset:__TI_zero_init_nomemset</name>
         <load_address>0xc7ae</load_address>
         <run_address>0xc7ae</run_address>
         <size>0x3e</size>
         <input_file_ref idref="fl-53"/>
      </object_component>
      <object_component id="oc-6e">
         <name>.text:decompress:none:__TI_decompress_none</name>
         <load_address>0xc7ec</load_address>
         <run_address>0xc7ec</run_address>
         <size>0x3c</size>
         <input_file_ref idref="fl-58"/>
      </object_component>
      <object_component id="oc-344">
         <name>.text:ADC_init</name>
         <load_address>0xc828</load_address>
         <run_address>0xc828</run_address>
         <size>0x34</size>
         <input_file_ref idref="fl-3"/>
      </object_component>
      <object_component id="oc-356">
         <name>.text:ADC_configureMemory</name>
         <load_address>0xc85c</load_address>
         <run_address>0xc85c</run_address>
         <size>0x30</size>
         <input_file_ref idref="fl-3"/>
      </object_component>
      <object_component id="oc-338">
         <name>.text:GPIO_setAsOutputPin</name>
         <load_address>0xc88c</load_address>
         <run_address>0xc88c</run_address>
         <size>0x1e</size>
         <input_file_ref idref="fl-c"/>
      </object_component>
      <object_component id="oc-29d">
         <name>.text:_isr:_c_int00_noargs</name>
         <load_address>0xc8aa</load_address>
         <run_address>0xc8aa</run_address>
         <size>0x1c</size>
         <input_file_ref idref="fl-51"/>
      </object_component>
      <object_component id="oc-377">
         <name>.text:ADC_startConversion</name>
         <load_address>0xc8c6</load_address>
         <run_address>0xc8c6</run_address>
         <size>0x18</size>
         <input_file_ref idref="fl-3"/>
      </object_component>
      <object_component id="oc-2d8">
         <name>.text:GPIO_setOutputHighOnPin</name>
         <load_address>0xc8de</load_address>
         <run_address>0xc8de</run_address>
         <size>0x16</size>
         <input_file_ref idref="fl-c"/>
      </object_component>
      <object_component id="oc-2de">
         <name>.text:GPIO_setOutputLowOnPin</name>
         <load_address>0xc8f4</load_address>
         <run_address>0xc8f4</run_address>
         <size>0x16</size>
         <input_file_ref idref="fl-c"/>
      </object_component>
      <object_component id="oc-332">
         <name>.text:WDT_A_hold</name>
         <load_address>0xc90a</load_address>
         <run_address>0xc90a</run_address>
         <size>0x16</size>
         <input_file_ref idref="fl-19"/>
      </object_component>
      <object_component id="oc-350">
         <name>.text:ADC_setupSamplingTimer</name>
         <load_address>0xc920</load_address>
         <run_address>0xc920</run_address>
         <size>0x14</size>
         <input_file_ref idref="fl-3"/>
      </object_component>
      <object_component id="oc-36b">
         <name>.text:memcpy</name>
         <load_address>0xc934</load_address>
         <run_address>0xc934</run_address>
         <size>0x12</size>
         <input_file_ref idref="fl-5d"/>
      </object_component>
      <object_component id="oc-285">
         <name>.text:_isr:TA1_ISR</name>
         <load_address>0xc946</load_address>
         <run_address>0xc946</run_address>
         <size>0xc</size>
         <input_file_ref idref="fl-2"/>
      </object_component>
      <object_component id="oc-3cb">
         <name>.text</name>
         <load_address>0xc952</load_address>
         <run_address>0xc952</run_address>
         <size>0xa</size>
         <input_file_ref idref="fl-4a"/>
      </object_component>
      <object_component id="oc-35c">
         <name>.text:ADC_clearInterrupt</name>
         <load_address>0xc95c</load_address>
         <run_address>0xc95c</run_address>
         <size>0x8</size>
         <input_file_ref idref="fl-3"/>
      </object_component>
      <object_component id="oc-34a">
         <name>.text:ADC_enable</name>
         <load_address>0xc964</load_address>
         <run_address>0xc964</run_address>
         <size>0x8</size>
         <input_file_ref idref="fl-3"/>
      </object_component>
      <object_component id="oc-362">
         <name>.text:ADC_enableInterrupt</name>
         <load_address>0xc96c</load_address>
         <run_address>0xc96c</run_address>
         <size>0x8</size>
         <input_file_ref idref="fl-3"/>
      </object_component>
      <object_component id="oc-27a">
         <name>.text:_isr:__TI_ISR_TRAP</name>
         <load_address>0xc974</load_address>
         <run_address>0xc974</run_address>
         <size>0x8</size>
         <input_file_ref idref="fl-49"/>
      </object_component>
      <object_component id="oc-33e">
         <name>.text:PMM_unlockLPM5</name>
         <load_address>0xc97c</load_address>
         <run_address>0xc97c</run_address>
         <size>0x6</size>
         <input_file_ref idref="fl-10"/>
      </object_component>
      <object_component id="oc-37e">
         <name>.text:abort</name>
         <load_address>0xc982</load_address>
         <run_address>0xc982</run_address>
         <size>0x6</size>
         <input_file_ref idref="fl-5a"/>
      </object_component>
      <object_component id="oc-2ed">
         <name>.text:_system_pre_init</name>
         <load_address>0xc988</load_address>
         <run_address>0xc988</run_address>
         <size>0x4</size>
         <input_file_ref idref="fl-56"/>
      </object_component>
      <object_component id="oc-3f1">
         <name>.text:_system_post_cinit</name>
         <load_address>0xc98c</load_address>
         <run_address>0xc98c</run_address>
         <size>0x2</size>
         <input_file_ref idref="fl-57"/>
      </object_component>
      <object_component id="oc-2d5">
         <name>.common:ADC_Result</name>
         <uninitialized>true</uninitialized>
         <run_address>0x2000</run_address>
         <size>0x4</size>
      </object_component>
      <object_component id="oc-2d2">
         <name>.data</name>
         <load_address>0x2004</load_address>
         <run_address>0x2004</run_address>
         <size>0x4</size>
         <input_file_ref idref="fl-2"/>
      </object_component>
      <object_component id="oc-25f">
         <name>.stack</name>
         <uninitialized>true</uninitialized>
         <run_address>0x2f60</run_address>
         <size>0x2</size>
         <input_file_ref idref="fl-51"/>
      </object_component>
      <object_component id="oc-4bf">
         <name>.stack</name>
         <uninitialized>true</uninitialized>
         <run_address>0x2f60</run_address>
         <size>0x0</size>
      </object_component>
      <object_component id="oc-74">
         <name>.int41</name>
         <load_address>0xffda</load_address>
         <run_address>0xffda</run_address>
         <size>0x2</size>
         <input_file_ref idref="fl-39"/>
      </object_component>
      <object_component id="oc-75">
         <name>.int42</name>
         <load_address>0xffdc</load_address>
         <run_address>0xffdc</run_address>
         <size>0x2</size>
         <input_file_ref idref="fl-3a"/>
      </object_component>
      <object_component id="oc-76">
         <name>.int43</name>
         <load_address>0xffde</load_address>
         <run_address>0xffde</run_address>
         <size>0x2</size>
         <input_file_ref idref="fl-2"/>
      </object_component>
      <object_component id="oc-77">
         <name>.int44</name>
         <load_address>0xffe0</load_address>
         <run_address>0xffe0</run_address>
         <size>0x2</size>
         <input_file_ref idref="fl-3b"/>
      </object_component>
      <object_component id="oc-78">
         <name>.int45</name>
         <load_address>0xffe2</load_address>
         <run_address>0xffe2</run_address>
         <size>0x2</size>
         <input_file_ref idref="fl-3c"/>
      </object_component>
      <object_component id="oc-79">
         <name>.int46</name>
         <load_address>0xffe4</load_address>
         <run_address>0xffe4</run_address>
         <size>0x2</size>
         <input_file_ref idref="fl-3d"/>
      </object_component>
      <object_component id="oc-7a">
         <name>.int47</name>
         <load_address>0xffe6</load_address>
         <run_address>0xffe6</run_address>
         <size>0x2</size>
         <input_file_ref idref="fl-3e"/>
      </object_component>
      <object_component id="oc-7b">
         <name>.int48</name>
         <load_address>0xffe8</load_address>
         <run_address>0xffe8</run_address>
         <size>0x2</size>
         <input_file_ref idref="fl-3f"/>
      </object_component>
      <object_component id="oc-7c">
         <name>.int49</name>
         <load_address>0xffea</load_address>
         <run_address>0xffea</run_address>
         <size>0x2</size>
         <input_file_ref idref="fl-40"/>
      </object_component>
      <object_component id="oc-7d">
         <name>.int50</name>
         <load_address>0xffec</load_address>
         <run_address>0xffec</run_address>
         <size>0x2</size>
         <input_file_ref idref="fl-41"/>
      </object_component>
      <object_component id="oc-7e">
         <name>.int51</name>
         <load_address>0xffee</load_address>
         <run_address>0xffee</run_address>
         <size>0x2</size>
         <input_file_ref idref="fl-42"/>
      </object_component>
      <object_component id="oc-7f">
         <name>.int52</name>
         <load_address>0xfff0</load_address>
         <run_address>0xfff0</run_address>
         <size>0x2</size>
         <input_file_ref idref="fl-43"/>
      </object_component>
      <object_component id="oc-80">
         <name>.int53</name>
         <load_address>0xfff2</load_address>
         <run_address>0xfff2</run_address>
         <size>0x2</size>
         <input_file_ref idref="fl-44"/>
      </object_component>
      <object_component id="oc-81">
         <name>.int54</name>
         <load_address>0xfff4</load_address>
         <run_address>0xfff4</run_address>
         <size>0x2</size>
         <input_file_ref idref="fl-2"/>
      </object_component>
      <object_component id="oc-82">
         <name>.int55</name>
         <load_address>0xfff6</load_address>
         <run_address>0xfff6</run_address>
         <size>0x2</size>
         <input_file_ref idref="fl-45"/>
      </object_component>
      <object_component id="oc-83">
         <name>.int56</name>
         <load_address>0xfff8</load_address>
         <run_address>0xfff8</run_address>
         <size>0x2</size>
         <input_file_ref idref="fl-46"/>
      </object_component>
      <object_component id="oc-84">
         <name>.int57</name>
         <load_address>0xfffa</load_address>
         <run_address>0xfffa</run_address>
         <size>0x2</size>
         <input_file_ref idref="fl-47"/>
      </object_component>
      <object_component id="oc-85">
         <name>.int58</name>
         <load_address>0xfffc</load_address>
         <run_address>0xfffc</run_address>
         <size>0x2</size>
         <input_file_ref idref="fl-48"/>
      </object_component>
      <object_component id="oc-262">
         <name>.reset</name>
         <load_address>0xfffe</load_address>
         <run_address>0xfffe</run_address>
         <size>0x2</size>
         <input_file_ref idref="fl-51"/>
      </object_component>
      <object_component id="oc-2d6">
         <name>.debug_info</name>
         <load_address>0x0</load_address>
         <run_address>0x0</run_address>
         <size>0x578</size>
         <input_file_ref idref="fl-2"/>
      </object_component>
      <object_component id="oc-2d3">
         <name>.debug_info</name>
         <load_address>0x578</load_address>
         <run_address>0x578</run_address>
         <size>0xe4</size>
         <input_file_ref idref="fl-2"/>
      </object_component>
      <object_component id="oc-369">
         <name>.debug_info</name>
         <load_address>0x65c</load_address>
         <run_address>0x65c</run_address>
         <size>0xce</size>
         <input_file_ref idref="fl-2"/>
      </object_component>
      <object_component id="oc-2f4">
         <name>.debug_info</name>
         <load_address>0x72a</load_address>
         <run_address>0x72a</run_address>
         <size>0x239</size>
         <input_file_ref idref="fl-2"/>
      </object_component>
      <object_component id="oc-286">
         <name>.debug_info</name>
         <load_address>0x963</load_address>
         <run_address>0x963</run_address>
         <size>0xfa</size>
         <input_file_ref idref="fl-2"/>
      </object_component>
      <object_component id="oc-280">
         <name>.debug_info</name>
         <load_address>0xa5d</load_address>
         <run_address>0xa5d</run_address>
         <size>0x170</size>
         <input_file_ref idref="fl-2"/>
      </object_component>
      <object_component id="oc-327">
         <name>.debug_info</name>
         <load_address>0xbcd</load_address>
         <run_address>0xbcd</run_address>
         <size>0x26b</size>
         <input_file_ref idref="fl-2"/>
      </object_component>
      <object_component id="oc-322">
         <name>.debug_info</name>
         <load_address>0xe38</load_address>
         <run_address>0xe38</run_address>
         <size>0x392</size>
         <input_file_ref idref="fl-2"/>
      </object_component>
      <object_component id="oc-31d">
         <name>.debug_info</name>
         <load_address>0x11ca</load_address>
         <run_address>0x11ca</run_address>
         <size>0x8b</size>
         <input_file_ref idref="fl-2"/>
      </object_component>
      <object_component id="oc-3bd">
         <name>.debug_info</name>
         <load_address>0x1255</load_address>
         <run_address>0x1255</run_address>
         <size>0x275</size>
         <input_file_ref idref="fl-2"/>
      </object_component>
      <object_component id="oc-316">
         <name>.debug_info</name>
         <load_address>0x14ca</load_address>
         <run_address>0x14ca</run_address>
         <size>0xbb</size>
         <input_file_ref idref="fl-2"/>
      </object_component>
      <object_component id="oc-378">
         <name>.debug_info</name>
         <load_address>0x1585</load_address>
         <run_address>0x1585</run_address>
         <size>0x21c</size>
         <input_file_ref idref="fl-3"/>
      </object_component>
      <object_component id="oc-351">
         <name>.debug_info</name>
         <load_address>0x17a1</load_address>
         <run_address>0x17a1</run_address>
         <size>0x239</size>
         <input_file_ref idref="fl-3"/>
      </object_component>
      <object_component id="oc-345">
         <name>.debug_info</name>
         <load_address>0x19da</load_address>
         <run_address>0x19da</run_address>
         <size>0x2b6</size>
         <input_file_ref idref="fl-3"/>
      </object_component>
      <object_component id="oc-363">
         <name>.debug_info</name>
         <load_address>0x1c90</load_address>
         <run_address>0x1c90</run_address>
         <size>0x1e0</size>
         <input_file_ref idref="fl-3"/>
      </object_component>
      <object_component id="oc-34b">
         <name>.debug_info</name>
         <load_address>0x1e70</load_address>
         <run_address>0x1e70</run_address>
         <size>0x188</size>
         <input_file_ref idref="fl-3"/>
      </object_component>
      <object_component id="oc-357">
         <name>.debug_info</name>
         <load_address>0x1ff8</load_address>
         <run_address>0x1ff8</run_address>
         <size>0x318</size>
         <input_file_ref idref="fl-3"/>
      </object_component>
      <object_component id="oc-35d">
         <name>.debug_info</name>
         <load_address>0x2310</load_address>
         <run_address>0x2310</run_address>
         <size>0x1ee</size>
         <input_file_ref idref="fl-3"/>
      </object_component>
      <object_component id="oc-269">
         <name>.debug_info</name>
         <load_address>0x24fe</load_address>
         <run_address>0x24fe</run_address>
         <size>0x84</size>
         <input_file_ref idref="fl-4"/>
      </object_component>
      <object_component id="oc-3c4">
         <name>.debug_info</name>
         <load_address>0x2582</load_address>
         <run_address>0x2582</run_address>
         <size>0x169</size>
         <input_file_ref idref="fl-c"/>
      </object_component>
      <object_component id="oc-32d">
         <name>.debug_info</name>
         <load_address>0x26eb</load_address>
         <run_address>0x26eb</run_address>
         <size>0xfc</size>
         <input_file_ref idref="fl-c"/>
      </object_component>
      <object_component id="oc-2df">
         <name>.debug_info</name>
         <load_address>0x27e7</load_address>
         <run_address>0x27e7</run_address>
         <size>0x20b</size>
         <input_file_ref idref="fl-c"/>
      </object_component>
      <object_component id="oc-2d9">
         <name>.debug_info</name>
         <load_address>0x29f2</load_address>
         <run_address>0x29f2</run_address>
         <size>0x20d</size>
         <input_file_ref idref="fl-c"/>
      </object_component>
      <object_component id="oc-339">
         <name>.debug_info</name>
         <load_address>0x2bff</load_address>
         <run_address>0x2bff</run_address>
         <size>0x202</size>
         <input_file_ref idref="fl-c"/>
      </object_component>
      <object_component id="oc-33f">
         <name>.debug_info</name>
         <load_address>0x2e01</load_address>
         <run_address>0x2e01</run_address>
         <size>0x152</size>
         <input_file_ref idref="fl-10"/>
      </object_component>
      <object_component id="oc-3dd">
         <name>.debug_info</name>
         <load_address>0x2f53</load_address>
         <run_address>0x2f53</run_address>
         <size>0x17d</size>
         <input_file_ref idref="fl-16"/>
      </object_component>
      <object_component id="oc-372">
         <name>.debug_info</name>
         <load_address>0x30d0</load_address>
         <run_address>0x30d0</run_address>
         <size>0x1ca</size>
         <input_file_ref idref="fl-16"/>
      </object_component>
      <object_component id="oc-333">
         <name>.debug_info</name>
         <load_address>0x329a</load_address>
         <run_address>0x329a</run_address>
         <size>0x1af</size>
         <input_file_ref idref="fl-19"/>
      </object_component>
      <object_component id="oc-27b">
         <name>.debug_info</name>
         <load_address>0x3449</load_address>
         <run_address>0x3449</run_address>
         <size>0x107</size>
         <input_file_ref idref="fl-49"/>
      </object_component>
      <object_component id="oc-3cc">
         <name>.debug_info</name>
         <load_address>0x3550</load_address>
         <run_address>0x3550</run_address>
         <size>0x118</size>
         <input_file_ref idref="fl-4a"/>
      </object_component>
      <object_component id="oc-260">
         <name>.debug_info</name>
         <load_address>0x3668</load_address>
         <run_address>0x3668</run_address>
         <size>0xf5</size>
         <input_file_ref idref="fl-51"/>
      </object_component>
      <object_component id="oc-29e">
         <name>.debug_info</name>
         <load_address>0x375d</load_address>
         <run_address>0x375d</run_address>
         <size>0x16f</size>
         <input_file_ref idref="fl-51"/>
      </object_component>
      <object_component id="oc-3f8">
         <name>.debug_info</name>
         <load_address>0x38cc</load_address>
         <run_address>0x38cc</run_address>
         <size>0x49d</size>
         <input_file_ref idref="fl-52"/>
      </object_component>
      <object_component id="oc-3a6">
         <name>.debug_info</name>
         <load_address>0x3d69</load_address>
         <run_address>0x3d69</run_address>
         <size>0x20b</size>
         <input_file_ref idref="fl-52"/>
      </object_component>
      <object_component id="oc-430">
         <name>.debug_info</name>
         <load_address>0x3f74</load_address>
         <run_address>0x3f74</run_address>
         <size>0x39</size>
         <input_file_ref idref="fl-52"/>
      </object_component>
      <object_component id="oc-441">
         <name>.debug_info</name>
         <load_address>0x3fad</load_address>
         <run_address>0x3fad</run_address>
         <size>0x2c</size>
         <input_file_ref idref="fl-52"/>
      </object_component>
      <object_component id="oc-403">
         <name>.debug_info</name>
         <load_address>0x3fd9</load_address>
         <run_address>0x3fd9</run_address>
         <size>0x2c</size>
         <input_file_ref idref="fl-52"/>
      </object_component>
      <object_component id="oc-435">
         <name>.debug_info</name>
         <load_address>0x4005</load_address>
         <run_address>0x4005</run_address>
         <size>0xcd</size>
         <input_file_ref idref="fl-52"/>
      </object_component>
      <object_component id="oc-28c">
         <name>.debug_info</name>
         <load_address>0x40d2</load_address>
         <run_address>0x40d2</run_address>
         <size>0x1c8</size>
         <input_file_ref idref="fl-53"/>
      </object_component>
      <object_component id="oc-2e7">
         <name>.debug_info</name>
         <load_address>0x429a</load_address>
         <run_address>0x429a</run_address>
         <size>0x46</size>
         <input_file_ref idref="fl-53"/>
      </object_component>
      <object_component id="oc-3d7">
         <name>.debug_info</name>
         <load_address>0x42e0</load_address>
         <run_address>0x42e0</run_address>
         <size>0x2c</size>
         <input_file_ref idref="fl-54"/>
      </object_component>
      <object_component id="oc-2ef">
         <name>.debug_info</name>
         <load_address>0x430c</load_address>
         <run_address>0x430c</run_address>
         <size>0x148</size>
         <input_file_ref idref="fl-56"/>
      </object_component>
      <object_component id="oc-3f2">
         <name>.debug_info</name>
         <load_address>0x4454</load_address>
         <run_address>0x4454</run_address>
         <size>0x145</size>
         <input_file_ref idref="fl-57"/>
      </object_component>
      <object_component id="oc-279">
         <name>.debug_info</name>
         <load_address>0x4599</load_address>
         <run_address>0x4599</run_address>
         <size>0x1cf</size>
         <input_file_ref idref="fl-58"/>
      </object_component>
      <object_component id="oc-6f">
         <name>.debug_info</name>
         <load_address>0x4768</load_address>
         <run_address>0x4768</run_address>
         <size>0x1e7</size>
         <input_file_ref idref="fl-58"/>
      </object_component>
      <object_component id="oc-274">
         <name>.debug_info</name>
         <load_address>0x494f</load_address>
         <run_address>0x494f</run_address>
         <size>0x46</size>
         <input_file_ref idref="fl-58"/>
      </object_component>
      <object_component id="oc-69">
         <name>.debug_info</name>
         <load_address>0x4995</load_address>
         <run_address>0x4995</run_address>
         <size>0x2ad</size>
         <input_file_ref idref="fl-59"/>
      </object_component>
      <object_component id="oc-30f">
         <name>.debug_info</name>
         <load_address>0x4c42</load_address>
         <run_address>0x4c42</run_address>
         <size>0x46</size>
         <input_file_ref idref="fl-59"/>
      </object_component>
      <object_component id="oc-2c9">
         <name>.debug_info</name>
         <load_address>0x4c88</load_address>
         <run_address>0x4c88</run_address>
         <size>0x39</size>
         <input_file_ref idref="fl-59"/>
      </object_component>
      <object_component id="oc-264">
         <name>.debug_info</name>
         <load_address>0x4cc1</load_address>
         <run_address>0x4cc1</run_address>
         <size>0x60</size>
         <input_file_ref idref="fl-59"/>
      </object_component>
      <object_component id="oc-380">
         <name>.debug_info</name>
         <load_address>0x4d21</load_address>
         <run_address>0x4d21</run_address>
         <size>0x117</size>
         <input_file_ref idref="fl-5a"/>
      </object_component>
      <object_component id="oc-3d6">
         <name>.debug_info</name>
         <load_address>0x4e38</load_address>
         <run_address>0x4e38</run_address>
         <size>0x176</size>
         <input_file_ref idref="fl-5d"/>
      </object_component>
      <object_component id="oc-36f">
         <name>.debug_info</name>
         <load_address>0x4fae</load_address>
         <run_address>0x4fae</run_address>
         <size>0x16f</size>
         <input_file_ref idref="fl-5d"/>
      </object_component>
      <object_component id="oc-270">
         <name>.debug_info</name>
         <load_address>0x511d</load_address>
         <run_address>0x511d</run_address>
         <size>0x119</size>
         <input_file_ref idref="fl-5e"/>
      </object_component>
      <object_component id="oc-4c0">
         <name>.debug_info</name>
         <load_address>0x5236</load_address>
         <run_address>0x5236</run_address>
         <size>0xa3</size>
      </object_component>
      <object_component id="oc-31c">
         <name>.debug_line</name>
         <load_address>0x0</load_address>
         <run_address>0x0</run_address>
         <size>0x20d</size>
         <input_file_ref idref="fl-2"/>
      </object_component>
      <object_component id="oc-315">
         <name>.debug_line</name>
         <load_address>0x20d</load_address>
         <run_address>0x20d</run_address>
         <size>0x2d</size>
         <input_file_ref idref="fl-2"/>
      </object_component>
      <object_component id="oc-3d4">
         <name>.debug_line</name>
         <load_address>0x23a</load_address>
         <run_address>0x23a</run_address>
         <size>0x2d</size>
         <input_file_ref idref="fl-2"/>
      </object_component>
      <object_component id="oc-2f8">
         <name>.debug_line</name>
         <load_address>0x267</load_address>
         <run_address>0x267</run_address>
         <size>0x5d</size>
         <input_file_ref idref="fl-2"/>
      </object_component>
      <object_component id="oc-28a">
         <name>.debug_line</name>
         <load_address>0x2c4</load_address>
         <run_address>0x2c4</run_address>
         <size>0x44</size>
         <input_file_ref idref="fl-2"/>
      </object_component>
      <object_component id="oc-284">
         <name>.debug_line</name>
         <load_address>0x308</load_address>
         <run_address>0x308</run_address>
         <size>0x7b</size>
         <input_file_ref idref="fl-2"/>
      </object_component>
      <object_component id="oc-32a">
         <name>.debug_line</name>
         <load_address>0x383</load_address>
         <run_address>0x383</run_address>
         <size>0x75</size>
         <input_file_ref idref="fl-2"/>
      </object_component>
      <object_component id="oc-325">
         <name>.debug_line</name>
         <load_address>0x3f8</load_address>
         <run_address>0x3f8</run_address>
         <size>0x76</size>
         <input_file_ref idref="fl-2"/>
      </object_component>
      <object_component id="oc-320">
         <name>.debug_line</name>
         <load_address>0x46e</load_address>
         <run_address>0x46e</run_address>
         <size>0x20</size>
         <input_file_ref idref="fl-2"/>
      </object_component>
      <object_component id="oc-3c0">
         <name>.debug_line</name>
         <load_address>0x48e</load_address>
         <run_address>0x48e</run_address>
         <size>0x79</size>
         <input_file_ref idref="fl-2"/>
      </object_component>
      <object_component id="oc-319">
         <name>.debug_line</name>
         <load_address>0x507</load_address>
         <run_address>0x507</run_address>
         <size>0x76</size>
         <input_file_ref idref="fl-2"/>
      </object_component>
      <object_component id="oc-37b">
         <name>.debug_line</name>
         <load_address>0x57d</load_address>
         <run_address>0x57d</run_address>
         <size>0x5f</size>
         <input_file_ref idref="fl-3"/>
      </object_component>
      <object_component id="oc-354">
         <name>.debug_line</name>
         <load_address>0x5dc</load_address>
         <run_address>0x5dc</run_address>
         <size>0x5e</size>
         <input_file_ref idref="fl-3"/>
      </object_component>
      <object_component id="oc-348">
         <name>.debug_line</name>
         <load_address>0x63a</load_address>
         <run_address>0x63a</run_address>
         <size>0x5f</size>
         <input_file_ref idref="fl-3"/>
      </object_component>
      <object_component id="oc-367">
         <name>.debug_line</name>
         <load_address>0x699</load_address>
         <run_address>0x699</run_address>
         <size>0x5c</size>
         <input_file_ref idref="fl-3"/>
      </object_component>
      <object_component id="oc-34f">
         <name>.debug_line</name>
         <load_address>0x6f5</load_address>
         <run_address>0x6f5</run_address>
         <size>0x5c</size>
         <input_file_ref idref="fl-3"/>
      </object_component>
      <object_component id="oc-35b">
         <name>.debug_line</name>
         <load_address>0x751</load_address>
         <run_address>0x751</run_address>
         <size>0x65</size>
         <input_file_ref idref="fl-3"/>
      </object_component>
      <object_component id="oc-361">
         <name>.debug_line</name>
         <load_address>0x7b6</load_address>
         <run_address>0x7b6</run_address>
         <size>0x5c</size>
         <input_file_ref idref="fl-3"/>
      </object_component>
      <object_component id="oc-26c">
         <name>.debug_line</name>
         <load_address>0x812</load_address>
         <run_address>0x812</run_address>
         <size>0x20</size>
         <input_file_ref idref="fl-4"/>
      </object_component>
      <object_component id="oc-413">
         <name>.debug_line</name>
         <load_address>0x832</load_address>
         <run_address>0x832</run_address>
         <size>0x20</size>
         <input_file_ref idref="fl-c"/>
      </object_component>
      <object_component id="oc-3c3">
         <name>.debug_line</name>
         <load_address>0x852</load_address>
         <run_address>0x852</run_address>
         <size>0x47</size>
         <input_file_ref idref="fl-c"/>
      </object_component>
      <object_component id="oc-2e2">
         <name>.debug_line</name>
         <load_address>0x899</load_address>
         <run_address>0x899</run_address>
         <size>0x66</size>
         <input_file_ref idref="fl-c"/>
      </object_component>
      <object_component id="oc-2dc">
         <name>.debug_line</name>
         <load_address>0x8ff</load_address>
         <run_address>0x8ff</run_address>
         <size>0x66</size>
         <input_file_ref idref="fl-c"/>
      </object_component>
      <object_component id="oc-33c">
         <name>.debug_line</name>
         <load_address>0x965</load_address>
         <run_address>0x965</run_address>
         <size>0x68</size>
         <input_file_ref idref="fl-c"/>
      </object_component>
      <object_component id="oc-342">
         <name>.debug_line</name>
         <load_address>0x9cd</load_address>
         <run_address>0x9cd</run_address>
         <size>0x5c</size>
         <input_file_ref idref="fl-10"/>
      </object_component>
      <object_component id="oc-418">
         <name>.debug_line</name>
         <load_address>0xa29</load_address>
         <run_address>0xa29</run_address>
         <size>0x20</size>
         <input_file_ref idref="fl-16"/>
      </object_component>
      <object_component id="oc-375">
         <name>.debug_line</name>
         <load_address>0xa49</load_address>
         <run_address>0xa49</run_address>
         <size>0x71</size>
         <input_file_ref idref="fl-16"/>
      </object_component>
      <object_component id="oc-336">
         <name>.debug_line</name>
         <load_address>0xaba</load_address>
         <run_address>0xaba</run_address>
         <size>0x60</size>
         <input_file_ref idref="fl-19"/>
      </object_component>
      <object_component id="oc-27e">
         <name>.debug_line</name>
         <load_address>0xb1a</load_address>
         <run_address>0xb1a</run_address>
         <size>0x3d</size>
         <input_file_ref idref="fl-49"/>
      </object_component>
      <object_component id="oc-3cf">
         <name>.debug_line</name>
         <load_address>0xb57</load_address>
         <run_address>0xb57</run_address>
         <size>0x3b</size>
         <input_file_ref idref="fl-4a"/>
      </object_component>
      <object_component id="oc-2c8">
         <name>.debug_line</name>
         <load_address>0xb92</load_address>
         <run_address>0xb92</run_address>
         <size>0x2a</size>
         <input_file_ref idref="fl-51"/>
      </object_component>
      <object_component id="oc-2a1">
         <name>.debug_line</name>
         <load_address>0xbbc</load_address>
         <run_address>0xbbc</run_address>
         <size>0x46</size>
         <input_file_ref idref="fl-51"/>
      </object_component>
      <object_component id="oc-42f">
         <name>.debug_line</name>
         <load_address>0xc02</load_address>
         <run_address>0xc02</run_address>
         <size>0xb7</size>
         <input_file_ref idref="fl-52"/>
      </object_component>
      <object_component id="oc-3a5">
         <name>.debug_line</name>
         <load_address>0xcb9</load_address>
         <run_address>0xcb9</run_address>
         <size>0x83</size>
         <input_file_ref idref="fl-52"/>
      </object_component>
      <object_component id="oc-433">
         <name>.debug_line</name>
         <load_address>0xd3c</load_address>
         <run_address>0xd3c</run_address>
         <size>0x2e</size>
         <input_file_ref idref="fl-52"/>
      </object_component>
      <object_component id="oc-444">
         <name>.debug_line</name>
         <load_address>0xd6a</load_address>
         <run_address>0xd6a</run_address>
         <size>0x92</size>
         <input_file_ref idref="fl-52"/>
      </object_component>
      <object_component id="oc-406">
         <name>.debug_line</name>
         <load_address>0xdfc</load_address>
         <run_address>0xdfc</run_address>
         <size>0x8f</size>
         <input_file_ref idref="fl-52"/>
      </object_component>
      <object_component id="oc-438">
         <name>.debug_line</name>
         <load_address>0xe8b</load_address>
         <run_address>0xe8b</run_address>
         <size>0x8b</size>
         <input_file_ref idref="fl-52"/>
      </object_component>
      <object_component id="oc-28f">
         <name>.debug_line</name>
         <load_address>0xf16</load_address>
         <run_address>0xf16</run_address>
         <size>0x53</size>
         <input_file_ref idref="fl-53"/>
      </object_component>
      <object_component id="oc-2ea">
         <name>.debug_line</name>
         <load_address>0xf69</load_address>
         <run_address>0xf69</run_address>
         <size>0x34</size>
         <input_file_ref idref="fl-53"/>
      </object_component>
      <object_component id="oc-3da">
         <name>.debug_line</name>
         <load_address>0xf9d</load_address>
         <run_address>0xf9d</run_address>
         <size>0x8a</size>
         <input_file_ref idref="fl-54"/>
      </object_component>
      <object_component id="oc-2f2">
         <name>.debug_line</name>
         <load_address>0x1027</load_address>
         <run_address>0x1027</run_address>
         <size>0x3e</size>
         <input_file_ref idref="fl-56"/>
      </object_component>
      <object_component id="oc-3f5">
         <name>.debug_line</name>
         <load_address>0x1065</load_address>
         <run_address>0x1065</run_address>
         <size>0x3a</size>
         <input_file_ref idref="fl-57"/>
      </object_component>
      <object_component id="oc-2d0">
         <name>.debug_line</name>
         <load_address>0x109f</load_address>
         <run_address>0x109f</run_address>
         <size>0x3a</size>
         <input_file_ref idref="fl-58"/>
      </object_component>
      <object_component id="oc-72">
         <name>.debug_line</name>
         <load_address>0x10d9</load_address>
         <run_address>0x10d9</run_address>
         <size>0x50</size>
         <input_file_ref idref="fl-58"/>
      </object_component>
      <object_component id="oc-277">
         <name>.debug_line</name>
         <load_address>0x1129</load_address>
         <run_address>0x1129</run_address>
         <size>0x3a</size>
         <input_file_ref idref="fl-58"/>
      </object_component>
      <object_component id="oc-6c">
         <name>.debug_line</name>
         <load_address>0x1163</load_address>
         <run_address>0x1163</run_address>
         <size>0x9d</size>
         <input_file_ref idref="fl-59"/>
      </object_component>
      <object_component id="oc-312">
         <name>.debug_line</name>
         <load_address>0x1200</load_address>
         <run_address>0x1200</run_address>
         <size>0x92</size>
         <input_file_ref idref="fl-59"/>
      </object_component>
      <object_component id="oc-2cc">
         <name>.debug_line</name>
         <load_address>0x1292</load_address>
         <run_address>0x1292</run_address>
         <size>0x8e</size>
         <input_file_ref idref="fl-59"/>
      </object_component>
      <object_component id="oc-267">
         <name>.debug_line</name>
         <load_address>0x1320</load_address>
         <run_address>0x1320</run_address>
         <size>0x3a</size>
         <input_file_ref idref="fl-59"/>
      </object_component>
      <object_component id="oc-382">
         <name>.debug_line</name>
         <load_address>0x135a</load_address>
         <run_address>0x135a</run_address>
         <size>0x3d</size>
         <input_file_ref idref="fl-5a"/>
      </object_component>
      <object_component id="oc-416">
         <name>.debug_line</name>
         <load_address>0x1397</load_address>
         <run_address>0x1397</run_address>
         <size>0x20</size>
         <input_file_ref idref="fl-5d"/>
      </object_component>
      <object_component id="oc-36e">
         <name>.debug_line</name>
         <load_address>0x13b7</load_address>
         <run_address>0x13b7</run_address>
         <size>0x42</size>
         <input_file_ref idref="fl-5d"/>
      </object_component>
      <object_component id="oc-26f">
         <name>.debug_line</name>
         <load_address>0x13f9</load_address>
         <run_address>0x13f9</run_address>
         <size>0x52</size>
         <input_file_ref idref="fl-5e"/>
      </object_component>
      <object_component id="oc-2f7">
         <name>.debug_frame</name>
         <load_address>0x0</load_address>
         <run_address>0x0</run_address>
         <size>0x3c</size>
         <input_file_ref idref="fl-2"/>
      </object_component>
      <object_component id="oc-289">
         <name>.debug_frame</name>
         <load_address>0x3c</load_address>
         <run_address>0x3c</run_address>
         <size>0x3c</size>
         <input_file_ref idref="fl-2"/>
      </object_component>
      <object_component id="oc-283">
         <name>.debug_frame</name>
         <load_address>0x78</load_address>
         <run_address>0x78</run_address>
         <size>0x4c</size>
         <input_file_ref idref="fl-2"/>
      </object_component>
      <object_component id="oc-37c">
         <name>.debug_frame</name>
         <load_address>0xc4</load_address>
         <run_address>0xc4</run_address>
         <size>0x3c</size>
         <input_file_ref idref="fl-3"/>
      </object_component>
      <object_component id="oc-355">
         <name>.debug_frame</name>
         <load_address>0x100</load_address>
         <run_address>0x100</run_address>
         <size>0x3c</size>
         <input_file_ref idref="fl-3"/>
      </object_component>
      <object_component id="oc-349">
         <name>.debug_frame</name>
         <load_address>0x13c</load_address>
         <run_address>0x13c</run_address>
         <size>0x3c</size>
         <input_file_ref idref="fl-3"/>
      </object_component>
      <object_component id="oc-366">
         <name>.debug_frame</name>
         <load_address>0x178</load_address>
         <run_address>0x178</run_address>
         <size>0x3c</size>
         <input_file_ref idref="fl-3"/>
      </object_component>
      <object_component id="oc-34e">
         <name>.debug_frame</name>
         <load_address>0x1b4</load_address>
         <run_address>0x1b4</run_address>
         <size>0x3c</size>
         <input_file_ref idref="fl-3"/>
      </object_component>
      <object_component id="oc-35a">
         <name>.debug_frame</name>
         <load_address>0x1f0</load_address>
         <run_address>0x1f0</run_address>
         <size>0x44</size>
         <input_file_ref idref="fl-3"/>
      </object_component>
      <object_component id="oc-360">
         <name>.debug_frame</name>
         <load_address>0x234</load_address>
         <run_address>0x234</run_address>
         <size>0x3c</size>
         <input_file_ref idref="fl-3"/>
      </object_component>
      <object_component id="oc-2e3">
         <name>.debug_frame</name>
         <load_address>0x270</load_address>
         <run_address>0x270</run_address>
         <size>0x3c</size>
         <input_file_ref idref="fl-c"/>
      </object_component>
      <object_component id="oc-2dd">
         <name>.debug_frame</name>
         <load_address>0x2ac</load_address>
         <run_address>0x2ac</run_address>
         <size>0x3c</size>
         <input_file_ref idref="fl-c"/>
      </object_component>
      <object_component id="oc-33d">
         <name>.debug_frame</name>
         <load_address>0x2e8</load_address>
         <run_address>0x2e8</run_address>
         <size>0x3c</size>
         <input_file_ref idref="fl-c"/>
      </object_component>
      <object_component id="oc-343">
         <name>.debug_frame</name>
         <load_address>0x324</load_address>
         <run_address>0x324</run_address>
         <size>0x3c</size>
         <input_file_ref idref="fl-10"/>
      </object_component>
      <object_component id="oc-376">
         <name>.debug_frame</name>
         <load_address>0x360</load_address>
         <run_address>0x360</run_address>
         <size>0x3c</size>
         <input_file_ref idref="fl-16"/>
      </object_component>
      <object_component id="oc-337">
         <name>.debug_frame</name>
         <load_address>0x39c</load_address>
         <run_address>0x39c</run_address>
         <size>0x3c</size>
         <input_file_ref idref="fl-19"/>
      </object_component>
      <object_component id="oc-2a2">
         <name>.debug_frame</name>
         <load_address>0x3d8</load_address>
         <run_address>0x3d8</run_address>
         <size>0x34</size>
         <input_file_ref idref="fl-51"/>
      </object_component>
      <object_component id="oc-3a4">
         <name>.debug_frame</name>
         <load_address>0x40c</load_address>
         <run_address>0x40c</run_address>
         <size>0x48</size>
         <input_file_ref idref="fl-52"/>
      </object_component>
      <object_component id="oc-290">
         <name>.debug_frame</name>
         <load_address>0x454</load_address>
         <run_address>0x454</run_address>
         <size>0x44</size>
         <input_file_ref idref="fl-53"/>
      </object_component>
      <object_component id="oc-2ee">
         <name>.debug_frame</name>
         <load_address>0x498</load_address>
         <run_address>0x498</run_address>
         <size>0x3c</size>
         <input_file_ref idref="fl-56"/>
      </object_component>
      <object_component id="oc-3f6">
         <name>.debug_frame</name>
         <load_address>0x4d4</load_address>
         <run_address>0x4d4</run_address>
         <size>0x3c</size>
         <input_file_ref idref="fl-57"/>
      </object_component>
      <object_component id="oc-73">
         <name>.debug_frame</name>
         <load_address>0x510</load_address>
         <run_address>0x510</run_address>
         <size>0x48</size>
         <input_file_ref idref="fl-58"/>
      </object_component>
      <object_component id="oc-6d">
         <name>.debug_frame</name>
         <load_address>0x558</load_address>
         <run_address>0x558</run_address>
         <size>0x6c</size>
         <input_file_ref idref="fl-59"/>
      </object_component>
      <object_component id="oc-383">
         <name>.debug_frame</name>
         <load_address>0x5c4</load_address>
         <run_address>0x5c4</run_address>
         <size>0x3c</size>
         <input_file_ref idref="fl-5a"/>
      </object_component>
      <object_component id="oc-36d">
         <name>.debug_frame</name>
         <load_address>0x600</load_address>
         <run_address>0x600</run_address>
         <size>0x3c</size>
         <input_file_ref idref="fl-5d"/>
      </object_component>
      <object_component id="oc-31b">
         <name>.debug_abbrev</name>
         <load_address>0x0</load_address>
         <run_address>0x0</run_address>
         <size>0x10b</size>
         <input_file_ref idref="fl-2"/>
      </object_component>
      <object_component id="oc-314">
         <name>.debug_abbrev</name>
         <load_address>0x10b</load_address>
         <run_address>0x10b</run_address>
         <size>0x29</size>
         <input_file_ref idref="fl-2"/>
      </object_component>
      <object_component id="oc-3d3">
         <name>.debug_abbrev</name>
         <load_address>0x134</load_address>
         <run_address>0x134</run_address>
         <size>0x27</size>
         <input_file_ref idref="fl-2"/>
      </object_component>
      <object_component id="oc-37d">
         <name>.debug_abbrev</name>
         <load_address>0x15b</load_address>
         <run_address>0x15b</run_address>
         <size>0x60</size>
         <input_file_ref idref="fl-2"/>
      </object_component>
      <object_component id="oc-2e5">
         <name>.debug_abbrev</name>
         <load_address>0x1bb</load_address>
         <run_address>0x1bb</run_address>
         <size>0x53</size>
         <input_file_ref idref="fl-2"/>
      </object_component>
      <object_component id="oc-2e4">
         <name>.debug_abbrev</name>
         <load_address>0x20e</load_address>
         <run_address>0x20e</run_address>
         <size>0x61</size>
         <input_file_ref idref="fl-2"/>
      </object_component>
      <object_component id="oc-329">
         <name>.debug_abbrev</name>
         <load_address>0x26f</load_address>
         <run_address>0x26f</run_address>
         <size>0x69</size>
         <input_file_ref idref="fl-2"/>
      </object_component>
      <object_component id="oc-324">
         <name>.debug_abbrev</name>
         <load_address>0x2d8</load_address>
         <run_address>0x2d8</run_address>
         <size>0x83</size>
         <input_file_ref idref="fl-2"/>
      </object_component>
      <object_component id="oc-31f">
         <name>.debug_abbrev</name>
         <load_address>0x35b</load_address>
         <run_address>0x35b</run_address>
         <size>0x1f</size>
         <input_file_ref idref="fl-2"/>
      </object_component>
      <object_component id="oc-3bf">
         <name>.debug_abbrev</name>
         <load_address>0x37a</load_address>
         <run_address>0x37a</run_address>
         <size>0x35</size>
         <input_file_ref idref="fl-2"/>
      </object_component>
      <object_component id="oc-318">
         <name>.debug_abbrev</name>
         <load_address>0x3af</load_address>
         <run_address>0x3af</run_address>
         <size>0x24</size>
         <input_file_ref idref="fl-2"/>
      </object_component>
      <object_component id="oc-3de">
         <name>.debug_abbrev</name>
         <load_address>0x3d3</load_address>
         <run_address>0x3d3</run_address>
         <size>0x6c</size>
         <input_file_ref idref="fl-3"/>
      </object_component>
      <object_component id="oc-3ca">
         <name>.debug_abbrev</name>
         <load_address>0x43f</load_address>
         <run_address>0x43f</run_address>
         <size>0x6c</size>
         <input_file_ref idref="fl-3"/>
      </object_component>
      <object_component id="oc-3c8">
         <name>.debug_abbrev</name>
         <load_address>0x4ab</load_address>
         <run_address>0x4ab</run_address>
         <size>0x6c</size>
         <input_file_ref idref="fl-3"/>
      </object_component>
      <object_component id="oc-3d2">
         <name>.debug_abbrev</name>
         <load_address>0x517</load_address>
         <run_address>0x517</run_address>
         <size>0x6c</size>
         <input_file_ref idref="fl-3"/>
      </object_component>
      <object_component id="oc-3c9">
         <name>.debug_abbrev</name>
         <load_address>0x583</load_address>
         <run_address>0x583</run_address>
         <size>0x6c</size>
         <input_file_ref idref="fl-3"/>
      </object_component>
      <object_component id="oc-3d0">
         <name>.debug_abbrev</name>
         <load_address>0x5ef</load_address>
         <run_address>0x5ef</run_address>
         <size>0x7a</size>
         <input_file_ref idref="fl-3"/>
      </object_component>
      <object_component id="oc-3d1">
         <name>.debug_abbrev</name>
         <load_address>0x669</load_address>
         <run_address>0x669</run_address>
         <size>0x6c</size>
         <input_file_ref idref="fl-3"/>
      </object_component>
      <object_component id="oc-26b">
         <name>.debug_abbrev</name>
         <load_address>0x6d5</load_address>
         <run_address>0x6d5</run_address>
         <size>0x1f</size>
         <input_file_ref idref="fl-4"/>
      </object_component>
      <object_component id="oc-412">
         <name>.debug_abbrev</name>
         <load_address>0x6f4</load_address>
         <run_address>0x6f4</run_address>
         <size>0x52</size>
         <input_file_ref idref="fl-c"/>
      </object_component>
      <object_component id="oc-3c2">
         <name>.debug_abbrev</name>
         <load_address>0x746</load_address>
         <run_address>0x746</run_address>
         <size>0x27</size>
         <input_file_ref idref="fl-c"/>
      </object_component>
      <object_component id="oc-330">
         <name>.debug_abbrev</name>
         <load_address>0x76d</load_address>
         <run_address>0x76d</run_address>
         <size>0x6c</size>
         <input_file_ref idref="fl-c"/>
      </object_component>
      <object_component id="oc-32f">
         <name>.debug_abbrev</name>
         <load_address>0x7d9</load_address>
         <run_address>0x7d9</run_address>
         <size>0x6c</size>
         <input_file_ref idref="fl-c"/>
      </object_component>
      <object_component id="oc-3c6">
         <name>.debug_abbrev</name>
         <load_address>0x845</load_address>
         <run_address>0x845</run_address>
         <size>0x6c</size>
         <input_file_ref idref="fl-c"/>
      </object_component>
      <object_component id="oc-3c7">
         <name>.debug_abbrev</name>
         <load_address>0x8b1</load_address>
         <run_address>0x8b1</run_address>
         <size>0x50</size>
         <input_file_ref idref="fl-10"/>
      </object_component>
      <object_component id="oc-417">
         <name>.debug_abbrev</name>
         <load_address>0x901</load_address>
         <run_address>0x901</run_address>
         <size>0x37</size>
         <input_file_ref idref="fl-16"/>
      </object_component>
      <object_component id="oc-3dc">
         <name>.debug_abbrev</name>
         <load_address>0x938</load_address>
         <run_address>0x938</run_address>
         <size>0x6c</size>
         <input_file_ref idref="fl-16"/>
      </object_component>
      <object_component id="oc-3c5">
         <name>.debug_abbrev</name>
         <load_address>0x9a4</load_address>
         <run_address>0x9a4</run_address>
         <size>0x6c</size>
         <input_file_ref idref="fl-19"/>
      </object_component>
      <object_component id="oc-2d1">
         <name>.debug_abbrev</name>
         <load_address>0xa10</load_address>
         <run_address>0xa10</run_address>
         <size>0x28</size>
         <input_file_ref idref="fl-49"/>
      </object_component>
      <object_component id="oc-414">
         <name>.debug_abbrev</name>
         <load_address>0xa38</load_address>
         <run_address>0xa38</run_address>
         <size>0x3c</size>
         <input_file_ref idref="fl-4a"/>
      </object_component>
      <object_component id="oc-2c7">
         <name>.debug_abbrev</name>
         <load_address>0xa74</load_address>
         <run_address>0xa74</run_address>
         <size>0x29</size>
         <input_file_ref idref="fl-51"/>
      </object_component>
      <object_component id="oc-2fc">
         <name>.debug_abbrev</name>
         <load_address>0xa9d</load_address>
         <run_address>0xa9d</run_address>
         <size>0x58</size>
         <input_file_ref idref="fl-51"/>
      </object_component>
      <object_component id="oc-42e">
         <name>.debug_abbrev</name>
         <load_address>0xaf5</load_address>
         <run_address>0xaf5</run_address>
         <size>0xed</size>
         <input_file_ref idref="fl-52"/>
      </object_component>
      <object_component id="oc-402">
         <name>.debug_abbrev</name>
         <load_address>0xbe2</load_address>
         <run_address>0xbe2</run_address>
         <size>0x7e</size>
         <input_file_ref idref="fl-52"/>
      </object_component>
      <object_component id="oc-432">
         <name>.debug_abbrev</name>
         <load_address>0xc60</load_address>
         <run_address>0xc60</run_address>
         <size>0x24</size>
         <input_file_ref idref="fl-52"/>
      </object_component>
      <object_component id="oc-443">
         <name>.debug_abbrev</name>
         <load_address>0xc84</load_address>
         <run_address>0xc84</run_address>
         <size>0x24</size>
         <input_file_ref idref="fl-52"/>
      </object_component>
      <object_component id="oc-405">
         <name>.debug_abbrev</name>
         <load_address>0xca8</load_address>
         <run_address>0xca8</run_address>
         <size>0x24</size>
         <input_file_ref idref="fl-52"/>
      </object_component>
      <object_component id="oc-437">
         <name>.debug_abbrev</name>
         <load_address>0xccc</load_address>
         <run_address>0xccc</run_address>
         <size>0x4b</size>
         <input_file_ref idref="fl-52"/>
      </object_component>
      <object_component id="oc-2e6">
         <name>.debug_abbrev</name>
         <load_address>0xd17</load_address>
         <run_address>0xd17</run_address>
         <size>0x6f</size>
         <input_file_ref idref="fl-53"/>
      </object_component>
      <object_component id="oc-2e9">
         <name>.debug_abbrev</name>
         <load_address>0xd86</load_address>
         <run_address>0xd86</run_address>
         <size>0x24</size>
         <input_file_ref idref="fl-53"/>
      </object_component>
      <object_component id="oc-3d9">
         <name>.debug_abbrev</name>
         <load_address>0xdaa</load_address>
         <run_address>0xdaa</run_address>
         <size>0x24</size>
         <input_file_ref idref="fl-54"/>
      </object_component>
      <object_component id="oc-331">
         <name>.debug_abbrev</name>
         <load_address>0xdce</load_address>
         <run_address>0xdce</run_address>
         <size>0x55</size>
         <input_file_ref idref="fl-56"/>
      </object_component>
      <object_component id="oc-42d">
         <name>.debug_abbrev</name>
         <load_address>0xe23</load_address>
         <run_address>0xe23</run_address>
         <size>0x53</size>
         <input_file_ref idref="fl-57"/>
      </object_component>
      <object_component id="oc-2cf">
         <name>.debug_abbrev</name>
         <load_address>0xe76</load_address>
         <run_address>0xe76</run_address>
         <size>0x54</size>
         <input_file_ref idref="fl-58"/>
      </object_component>
      <object_component id="oc-273">
         <name>.debug_abbrev</name>
         <load_address>0xeca</load_address>
         <run_address>0xeca</run_address>
         <size>0x7d</size>
         <input_file_ref idref="fl-58"/>
      </object_component>
      <object_component id="oc-276">
         <name>.debug_abbrev</name>
         <load_address>0xf47</load_address>
         <run_address>0xf47</run_address>
         <size>0x24</size>
         <input_file_ref idref="fl-58"/>
      </object_component>
      <object_component id="oc-263">
         <name>.debug_abbrev</name>
         <load_address>0xf6b</load_address>
         <run_address>0xf6b</run_address>
         <size>0x8b</size>
         <input_file_ref idref="fl-59"/>
      </object_component>
      <object_component id="oc-311">
         <name>.debug_abbrev</name>
         <load_address>0xff6</load_address>
         <run_address>0xff6</run_address>
         <size>0x35</size>
         <input_file_ref idref="fl-59"/>
      </object_component>
      <object_component id="oc-2cb">
         <name>.debug_abbrev</name>
         <load_address>0x102b</load_address>
         <run_address>0x102b</run_address>
         <size>0x24</size>
         <input_file_ref idref="fl-59"/>
      </object_component>
      <object_component id="oc-266">
         <name>.debug_abbrev</name>
         <load_address>0x104f</load_address>
         <run_address>0x104f</run_address>
         <size>0x24</size>
         <input_file_ref idref="fl-59"/>
      </object_component>
      <object_component id="oc-3df">
         <name>.debug_abbrev</name>
         <load_address>0x1073</load_address>
         <run_address>0x1073</run_address>
         <size>0x45</size>
         <input_file_ref idref="fl-5a"/>
      </object_component>
      <object_component id="oc-415">
         <name>.debug_abbrev</name>
         <load_address>0x10b8</load_address>
         <run_address>0x10b8</run_address>
         <size>0x45</size>
         <input_file_ref idref="fl-5d"/>
      </object_component>
      <object_component id="oc-3d5">
         <name>.debug_abbrev</name>
         <load_address>0x10fd</load_address>
         <run_address>0x10fd</run_address>
         <size>0x71</size>
         <input_file_ref idref="fl-5d"/>
      </object_component>
      <object_component id="oc-2ce">
         <name>.debug_abbrev</name>
         <load_address>0x116e</load_address>
         <run_address>0x116e</run_address>
         <size>0x3c</size>
         <input_file_ref idref="fl-5e"/>
      </object_component>
      <object_component id="oc-4c1">
         <name>.debug_abbrev</name>
         <load_address>0x11aa</load_address>
         <run_address>0x11aa</run_address>
         <size>0xf</size>
      </object_component>
      <object_component id="oc-32b">
         <name>.debug_str</name>
         <load_address>0x0</load_address>
         <run_address>0x0</run_address>
         <size>0x2b7</size>
         <input_file_ref idref="fl-2"/>
      </object_component>
      <object_component id="oc-326">
         <name>.debug_str</name>
         <load_address>0x2b7</load_address>
         <run_address>0x2b7</run_address>
         <size>0x2d0</size>
         <input_file_ref idref="fl-2"/>
      </object_component>
      <object_component id="oc-321">
         <name>.debug_str</name>
         <load_address>0x587</load_address>
         <run_address>0x587</run_address>
         <size>0xfa</size>
         <input_file_ref idref="fl-2"/>
      </object_component>
      <object_component id="oc-3c1">
         <name>.debug_str</name>
         <load_address>0x681</load_address>
         <run_address>0x681</run_address>
         <size>0x335</size>
         <input_file_ref idref="fl-2"/>
      </object_component>
      <object_component id="oc-31a">
         <name>.debug_str</name>
         <load_address>0x9b6</load_address>
         <run_address>0x9b6</run_address>
         <size>0x14f</size>
         <input_file_ref idref="fl-2"/>
      </object_component>
      <object_component id="oc-26d">
         <name>.debug_str</name>
         <load_address>0xb05</load_address>
         <run_address>0xb05</run_address>
         <size>0xfa</size>
         <input_file_ref idref="fl-4"/>
[...]
         <value>0x509</value>
      </symbol>
      <symbol id="sm-174">
         <name>UCA0STATW</name>
         <value>0x50a</value>
      </symbol>
      <symbol id="sm-175">
         <name>UCA0RXBUF</name>
         <value>0x50c</value>
      </symbol>
      <symbol id="sm-176">
         <name>UCA0RXBUF_L</name>
         <value>0x50c</value>
      </symbol>
      <symbol id="sm-177">
         <name>UCA0RXBUF_H</name>
         <value>0x50d</value>
      </symbol>
      <symbol id="sm-178">
         <name>UCA0TXBUF</name>
         <value>0x50e</value>
      </symbol>
      <symbol id="sm-179">
         <name>UCA0TXBUF_L</name>
         <value>0x50e</value>
      </symbol>
      <symbol id="sm-17a">
         <name>UCA0TXBUF_H</name>
         <value>0x50f</value>
      </symbol>
      <symbol id="sm-17b">
         <name>UCA0ABCTL</name>
         <value>0x510</value>
      </symbol>
      <symbol id="sm-17c">
         <name>UCA0IRCTL</name>
         <value>0x512</value>
      </symbol>
      <symbol id="sm-17d">
         <name>UCA0IRCTL_L</name>
         <value>0x512</value>
      </symbol>
      <symbol id="sm-17e">
         <name>UCA0IRCTL_H</name>
         <value>0x513</value>
      </symbol>
      <symbol id="sm-17f">
         <name>UCA0IE</name>
         <value>0x51a</value>
      </symbol>
      <symbol id="sm-180">
         <name>UCA0IE_L</name>
         <value>0x51a</value>
      </symbol>
      <symbol id="sm-181">
         <name>UCA0IE_H</name>
         <value>0x51b</value>
      </symbol>
      <symbol id="sm-182">
         <name>UCA0IFG</name>
         <value>0x51c</value>
      </symbol>
      <symbol id="sm-183">
         <name>UCA0IFG_L</name>
         <value>0x51c</value>
      </symbol>
      <symbol id="sm-184">
         <name>UCA0IFG_H</name>
         <value>0x51d</value>
      </symbol>
      <symbol id="sm-185">
         <name>UCA0IV</name>
         <value>0x51e</value>
      </symbol>
      <symbol id="sm-186">
         <name>UCA1CTLW0</name>
         <value>0x520</value>
      </symbol>
      <symbol id="sm-187">
         <name>UCA1CTLW0_L</name>
         <value>0x520</value>
      </symbol>
      <symbol id="sm-188">
         <name>UCA1CTLW0_H</name>
         <value>0x521</value>
      </symbol>
      <symbol id="sm-189">
         <name>UCA1CTLW1</name>
         <value>0x522</value>
      </symbol>
      <symbol id="sm-18a">
         <name>UCA1CTLW1_L</name>
         <value>0x522</value>
      </symbol>
      <symbol id="sm-18b">
         <name>UCA1CTLW1_H</name>
         <value>0x523</value>
      </symbol>
      <symbol id="sm-18c">
         <name>UCA1BRW</name>
         <value>0x526</value>
      </symbol>
      <symbol id="sm-18d">
         <name>UCA1BRW_L</name>
         <value>0x526</value>
      </symbol>
      <symbol id="sm-18e">
         <name>UCA1BRW_H</name>
         <value>0x527</value>
      </symbol>
      <symbol id="sm-18f">
         <name>UCA1MCTLW</name>
         <value>0x528</value>
      </symbol>
      <symbol id="sm-190">
         <name>UCA1MCTLW_L</name>
         <value>0x528</value>
      </symbol>
      <symbol id="sm-191">
         <name>UCA1MCTLW_H</name>
         <value>0x529</value>
      </symbol>
      <symbol id="sm-192">
         <name>UCA1STATW</name>
         <value>0x52a</value>
      </symbol>
      <symbol id="sm-193">
         <name>UCA1RXBUF</name>
         <value>0x52c</value>
      </symbol>
      <symbol id="sm-194">
         <name>UCA1RXBUF_L</name>
         <value>0x52c</value>
      </symbol>
      <symbol id="sm-195">
         <name>UCA1RXBUF_H</name>
         <value>0x52d</value>
      </symbol>
      <symbol id="sm-196">
         <name>UCA1TXBUF</name>
         <value>0x52e</value>
      </symbol>
      <symbol id="sm-197">
         <name>UCA1TXBUF_L</name>
         <value>0x52e</value>
      </symbol>
      <symbol id="sm-198">
         <name>UCA1TXBUF_H</name>
         <value>0x52f</value>
      </symbol>
      <symbol id="sm-199">
         <name>UCA1ABCTL</name>
         <value>0x530</value>
      </symbol>
      <symbol id="sm-19a">
         <name>UCA1IRCTL</name>
         <value>0x532</value>
      </symbol>
      <symbol id="sm-19b">
         <name>UCA1IRCTL_L</name>
         <value>0x532</value>
      </symbol>
      <symbol id="sm-19c">
         <name>UCA1IRCTL_H</name>
         <value>0x533</value>
      </symbol>
      <symbol id="sm-19d">
         <name>UCA1IE</name>
         <value>0x53a</value>
      </symbol>
      <symbol id="sm-19e">
         <name>UCA1IE_L</name>
         <value>0x53a</value>
      </symbol>
      <symbol id="sm-19f">
         <name>UCA1IE_H</name>
         <value>0x53b</value>
      </symbol>
      <symbol id="sm-1a0">
         <name>UCA1IFG</name>
         <value>0x53c</value>
      </symbol>
      <symbol id="sm-1a1">
         <name>UCA1IFG_L</name>
         <value>0x53c</value>
      </symbol>
      <symbol id="sm-1a2">
         <name>UCA1IFG_H</name>
         <value>0x53d</value>
      </symbol>
      <symbol id="sm-1a3">
         <name>UCA1IV</name>
         <value>0x53e</value>
      </symbol>
      <symbol id="sm-1a4">
         <name>UCB0CTLW0</name>
         <value>0x540</value>
      </symbol>
      <symbol id="sm-1a5">
         <name>UCB0CTLW0_L</name>
         <value>0x540</value>
      </symbol>
      <symbol id="sm-1a6">
         <name>UCB0CTLW0_H</name>
         <value>0x541</value>
      </symbol>
      <symbol id="sm-1a7">
         <name>UCB0CTLW1</name>
         <value>0x542</value>
      </symbol>
      <symbol id="sm-1a8">
         <name>UCB0CTLW1_L</name>
         <value>0x542</value>
      </symbol>
      <symbol id="sm-1a9">
         <name>UCB0CTLW1_H</name>
         <value>0x543</value>
      </symbol>
      <symbol id="sm-1aa">
         <name>UCB0BRW</name>
         <value>0x546</value>
      </symbol>
      <symbol id="sm-1ab">
         <name>UCB0BRW_L</name>
         <value>0x546</value>
      </symbol>
      <symbol id="sm-1ac">
         <name>UCB0BRW_H</name>
         <value>0x547</value>
      </symbol>
      <symbol id="sm-1ad">
         <name>UCB0STATW</name>
         <value>0x548</value>
      </symbol>
      <symbol id="sm-1ae">
         <name>UCB0STATW_L</name>
         <value>0x548</value>
      </symbol>
      <symbol id="sm-1af">
         <name>UCB0STATW_H</name>
         <value>0x549</value>
      </symbol>
      <symbol id="sm-1b0">
         <name>UCB0TBCNT</name>
         <value>0x54a</value>
      </symbol>
      <symbol id="sm-1b1">
         <name>UCB0TBCNT_L</name>
         <value>0x54a</value>
      </symbol>
      <symbol id="sm-1b2">
         <name>UCB0TBCNT_H</name>
         <value>0x54b</value>
      </symbol>
      <symbol id="sm-1b3">
         <name>UCB0RXBUF</name>
         <value>0x54c</value>
      </symbol>
      <symbol id="sm-1b4">
         <name>UCB0RXBUF_L</name>
         <value>0x54c</value>
      </symbol>
      <symbol id="sm-1b5">
         <name>UCB0RXBUF_H</name>
         <value>0x54d</value>
      </symbol>
      <symbol id="sm-1b6">
         <name>UCB0TXBUF</name>
         <value>0x54e</value>
      </symbol>
      <symbol id="sm-1b7">
         <name>UCB0TXBUF_L</name>
         <value>0x54e</value>
      </symbol>
      <symbol id="sm-1b8">
         <name>UCB0TXBUF_H</name>
         <value>0x54f</value>
      </symbol>
      <symbol id="sm-1b9">
         <name>UCB0I2COA0</name>
         <value>0x554</value>
      </symbol>
      <symbol id="sm-1ba">
         <name>UCB0I2COA0_L</name>
         <value>0x554</value>
      </symbol>
      <symbol id="sm-1bb">
         <name>UCB0I2COA0_H</name>
         <value>0x555</value>
      </symbol>
      <symbol id="sm-1bc">
         <name>UCB0I2COA1</name>
         <value>0x556</value>
      </symbol>
      <symbol id="sm-1bd">
         <name>UCB0I2COA1_L</name>
         <value>0x556</value>
      </symbol>
      <symbol id="sm-1be">
         <name>UCB0I2COA1_H</name>
         <value>0x557</value>
      </symbol>
      <symbol id="sm-1bf">
         <name>UCB0I2COA2</name>
         <value>0x558</value>
      </symbol>
      <symbol id="sm-1c0">
         <name>UCB0I2COA2_L</name>
         <value>0x558</value>
      </symbol>
      <symbol id="sm-1c1">
         <name>UCB0I2COA2_H</name>
         <value>0x559</value>
      </symbol>
      <symbol id="sm-1c2">
         <name>UCB0I2COA3</name>
         <value>0x55a</value>
      </symbol>
      <symbol id="sm-1c3">
         <name>UCB0I2COA3_L</name>
         <value>0x55a</value>
      </symbol>
      <symbol id="sm-1c4">
         <name>UCB0I2COA3_H</name>
         <value>0x55b</value>
      </symbol>
      <symbol id="sm-1c5">
         <name>UCB0ADDRX</name>
         <value>0x55c</value>
      </symbol>
      <symbol id="sm-1c6">
         <name>UCB0ADDRX_L</name>
         <value>0x55c</value>
      </symbol>
      <symbol id="sm-1c7">
         <name>UCB0ADDRX_H</name>
         <value>0x55d</value>
      </symbol>
      <symbol id="sm-1c8">
         <name>UCB0ADDMASK</name>
         <value>0x55e</value>
      </symbol>
      <symbol id="sm-1c9">
         <name>UCB0ADDMASK_L</name>
         <value>0x55e</value>
      </symbol>
      <symbol id="sm-1ca">
         <name>UCB0ADDMASK_H</name>
         <value>0x55f</value>
      </symbol>
      <symbol id="sm-1cb">
         <name>UCB0I2CSA</name>
         <value>0x560</value>
      </symbol>
      <symbol id="sm-1cc">
         <name>UCB0I2CSA_L</name>
         <value>0x560</value>
      </symbol>
      <symbol id="sm-1cd">
         <name>UCB0I2CSA_H</name>
         <value>0x561</value>
      </symbol>
      <symbol id="sm-1ce">
         <name>UCB0IE</name>
         <value>0x56a</value>
      </symbol>
      <symbol id="sm-1cf">
         <name>UCB0IE_L</name>
         <value>0x56a</value>
      </symbol>
      <symbol id="sm-1d0">
         <name>UCB0IE_H</name>
         <value>0x56b</value>
      </symbol>
      <symbol id="sm-1d1">
         <name>UCB0IFG</name>
         <value>0x56c</value>
      </symbol>
      <symbol id="sm-1d2">
         <name>UCB0IFG_L</name>
         <value>0x56c</value>
      </symbol>
      <symbol id="sm-1d3">
         <name>UCB0IFG_H</name>
         <value>0x56d</value>
      </symbol>
      <symbol id="sm-1d4">
         <name>UCB0IV</name>
         <value>0x56e</value>
      </symbol>
      <symbol id="sm-1d5">
         <name>WDTCTL</name>
         <value>0x1cc</value>
      </symbol>
      <symbol id="sm-1d6">
         <name>WDTCTL_L</name>
         <value>0x1cc</value>
      </symbol>
      <symbol id="sm-1d7">
         <name>WDTCTL_H</name>
         <value>0x1cd</value>
      </symbol>
      <symbol id="sm-1d8">
         <name>__TI_CINIT_Base</name>
         <value>0xc41a</value>
      </symbol>
      <symbol id="sm-1d9">
         <name>__TI_CINIT_Limit</name>
         <value>0xc42a</value>
      </symbol>
      <symbol id="sm-1da">
         <name>__TI_Handler_Table_Base</name>
         <value>0xc400</value>
      </symbol>
      <symbol id="sm-1db">
         <name>__TI_Handler_Table_Limit</name>
         <value>0xc40c</value>
      </symbol>
      <symbol id="sm-1dc">
         <name>__STACK_SIZE</name>
         <value>0xa0</value>
      </symbol>
      <symbol id="sm-1dd">
         <name>__STACK_END</name>
         <value>0x3000</value>
      </symbol>
      <symbol id="sm-1de">
         <name>__c_args__</name>
         <value>0xffffffff</value>
      </symbol>
      <symbol id="sm-1df">
         <name>__TI_pprof_out_hndl</name>
         <value>0xffffffff</value>
      </symbol>
      <symbol id="sm-1e0">
         <name>__TI_prof_data_start</name>
         <value>0xffffffff</value>
      </symbol>
      <symbol id="sm-1e1">
         <name>__TI_prof_data_size</name>
         <value>0xffffffff</value>
      </symbol>
      <symbol id="sm-283">
         <name>ADC_Result</name>
         <value>0x2000</value>
      </symbol>
      <symbol id="sm-284">
         <name>ADC_ISR</name>
         <value>0xc614</value>
         <object_component_ref idref="oc-27f"/>
      </symbol>
      <symbol id="sm-285">
         <name>__TI_int43</name>
         <value>0xffde</value>
         <object_component_ref idref="oc-76"/>
      </symbol>
      <symbol id="sm-286">
         <name>__TI_int54</name>
         <value>0xfff4</value>
         <object_component_ref idref="oc-81"/>
      </symbol>
      <symbol id="sm-287">
         <name>adc_cont</name>
         <value>0x2006</value>
         <object_component_ref idref="oc-2d2"/>
      </symbol>
      <symbol id="sm-288">
         <name>i</name>
         <value>0x2004</value>
         <object_component_ref idref="oc-2d2"/>
      </symbol>
      <symbol id="sm-289">
         <name>main</name>
         <value>0xc542</value>
         <object_component_ref idref="oc-2f3"/>
      </symbol>
      <symbol id="sm-28a">
         <name>TA1_ISR</name>
         <value>0xc946</value>
         <object_component_ref idref="oc-285"/>
      </symbol>
      <symbol id="sm-2bf">
         <name>ADC_setupSamplingTimer</name>
         <value>0xc920</value>
         <object_component_ref idref="oc-350"/>
      </symbol>
      <symbol id="sm-2c0">
         <name>ADC_configureMemory</name>
         <value>0xc85c</value>
         <object_component_ref idref="oc-356"/>
      </symbol>
      <symbol id="sm-2c1">
         <name>ADC_enableInterrupt</name>
         <value>0xc96c</value>
         <object_component_ref idref="oc-362"/>
      </symbol>
      <symbol id="sm-2c2">
         <name>ADC_startConversion</name>
         <value>0xc8c6</value>
         <object_component_ref idref="oc-377"/>
      </symbol>
      <symbol id="sm-2c3">
         <name>ADC_init</name>
         <value>0xc828</value>
         <object_component_ref idref="oc-344"/>
      </symbol>
      <symbol id="sm-2c4">
         <name>ADC_enable</name>
         <value>0xc964</value>
         <object_component_ref idref="oc-34a"/>
      </symbol>
      <symbol id="sm-2c5">
         <name>ADC_clearInterrupt</name>
         <value>0xc95c</value>
         <object_component_ref idref="oc-35c"/>
      </symbol>
      <symbol id="sm-2f5">
         <name>GPIO_setOutputHighOnPin</name>
         <value>0xc8de</value>
         <object_component_ref idref="oc-2d8"/>
      </symbol>
      <symbol id="sm-2f6">
         <name>GPIO_setAsOutputPin</name>
         <value>0xc88c</value>
         <object_component_ref idref="oc-338"/>
      </symbol>
      <symbol id="sm-2f7">
         <name>GPIO_setOutputLowOnPin</name>
         <value>0xc8f4</value>
         <object_component_ref idref="oc-2de"/>
      </symbol>
      <symbol id="sm-303">
         <name>PMM_unlockLPM5</name>
         <value>0xc97c</value>
         <object_component_ref idref="oc-33e"/>
      </symbol>
      <symbol id="sm-317">
         <name>Timer_A_initUpMode</name>
         <value>0xc712</value>
         <object_component_ref idref="oc-371"/>
      </symbol>
      <symbol id="sm-322">
         <name>WDT_A_hold</name>
         <value>0xc90a</value>
         <object_component_ref idref="oc-332"/>
      </symbol>
      <symbol id="sm-329">
         <name>__TI_int41</name>
         <value>0xffda</value>
         <object_component_ref idref="oc-74"/>
      </symbol>
      <symbol id="sm-32c">
         <name>__TI_int42</name>
         <value>0xffdc</value>
         <object_component_ref idref="oc-75"/>
      </symbol>
      <symbol id="sm-32f">
         <name>__TI_int44</name>
         <value>0xffe0</value>
         <object_component_ref idref="oc-77"/>
      </symbol>
      <symbol id="sm-332">
         <name>__TI_int45</name>
         <value>0xffe2</value>
         <object_component_ref idref="oc-78"/>
      </symbol>
      <symbol id="sm-335">
         <name>__TI_int46</name>
         <value>0xffe4</value>
         <object_component_ref idref="oc-79"/>
      </symbol>
      <symbol id="sm-338">
         <name>__TI_int47</name>
         <value>0xffe6</value>
         <object_component_ref idref="oc-7a"/>
      </symbol>
      <symbol id="sm-33b">
         <name>__TI_int48</name>
         <value>0xffe8</value>
         <object_component_ref idref="oc-7b"/>
      </symbol>
      <symbol id="sm-33e">
         <name>__TI_int49</name>
         <value>0xffea</value>
         <object_component_ref idref="oc-7c"/>
      </symbol>
      <symbol id="sm-341">
         <name>__TI_int50</name>
         <value>0xffec</value>
         <object_component_ref idref="oc-7d"/>
      </symbol>
      <symbol id="sm-344">
         <name>__TI_int51</name>
         <value>0xffee</value>
         <object_component_ref idref="oc-7e"/>
      </symbol>
      <symbol id="sm-347">
         <name>__TI_int52</name>
         <value>0xfff0</value>
         <object_component_ref idref="oc-7f"/>
      </symbol>
      <symbol id="sm-34a">
         <name>__TI_int53</name>
         <value>0xfff2</value>
         <object_component_ref idref="oc-80"/>
      </symbol>
      <symbol id="sm-34d">
         <name>__TI_int55</name>
         <value>0xfff6</value>
         <object_component_ref idref="oc-82"/>
      </symbol>
      <symbol id="sm-350">
         <name>__TI_int56</name>
         <value>0xfff8</value>
         <object_component_ref idref="oc-83"/>
      </symbol>
      <symbol id="sm-353">
         <name>__TI_int57</name>
         <value>0xfffa</value>
         <object_component_ref idref="oc-84"/>
      </symbol>
      <symbol id="sm-356">
         <name>__TI_int58</name>
         <value>0xfffc</value>
         <object_component_ref idref="oc-85"/>
      </symbol>
      <symbol id="sm-35e">
         <name>__TI_ISR_TRAP</name>
         <value>0xc974</value>
         <object_component_ref idref="oc-27a"/>
      </symbol>
      <symbol id="sm-367">
         <name>__mspabi_slli</name>
         <value>0xc952</value>
         <object_component_ref idref="oc-3cb"/>
      </symbol>
      <symbol id="sm-37d">
         <name>_stack</name>
         <value>0x2f60</value>
         <object_component_ref idref="oc-25f"/>
      </symbol>
      <symbol id="sm-37e">
         <name>_c_int00_noargs</name>
         <value>0xc8aa</value>
         <object_component_ref idref="oc-29d"/>
      </symbol>
      <symbol id="sm-37f">
         <name>_reset_vector</name>
         <value>0xfffe</value>
         <object_component_ref idref="oc-262"/>
      </symbol>
      <symbol id="sm-3a1">
         <name>__TI_auto_init_nobinit_nopinit_hold_wdt</name>
         <value>0xc6a8</value>
         <object_component_ref idref="oc-3a2"/>
      </symbol>
      <symbol id="sm-3b1">
         <name>__TI_zero_init_nomemset</name>
         <value>0xc7ae</value>
         <object_component_ref idref="oc-28b"/>
      </symbol>
      <symbol id="sm-3c1">
         <name>_system_pre_init</name>
         <value>0xc988</value>
         <object_component_ref idref="oc-2ed"/>
      </symbol>
      <symbol id="sm-3ca">
         <name>_system_post_cinit</name>
         <value>0xc98c</value>
         <object_component_ref idref="oc-3f1"/>
      </symbol>
      <symbol id="sm-3db">
         <name>__TI_decompress_none</name>
         <value>0xc7ec</value>
         <object_component_ref idref="oc-6e"/>
      </symbol>
      <symbol id="sm-3fc">
         <name>__TI_decompress_lzss</name>
         <value>0xc454</value>
         <object_component_ref idref="oc-68"/>
      </symbol>
      <symbol id="sm-406">
         <name>C$$EXIT</name>
         <value>0xc982</value>
         <object_component_ref idref="oc-37e"/>
      </symbol>
      <symbol id="sm-407">
         <name>abort</name>
         <value>0xc982</value>
         <object_component_ref idref="oc-37e"/>
      </symbol>
      <symbol id="sm-417">
         <name>memcpy</name>
         <value>0xc934</value>
         <object_component_ref idref="oc-36b"/>
      </symbol>
      <symbol id="sm-422">
         <name>__memcpy_far</name>
         <value>0xc76e</value>
         <object_component_ref idref="oc-26e"/>
      </symbol>
   </symbol_table>
   <title>Link successful</title>
</link_info>
